Component: ARM Compiler 5.06 update 7 (build 960) Tool: armlink [4d3601]

==============================================================================

Section Cross References

    main.o(i.DATA_Report) refers to fmul.o(.text) for __aeabi_fmul
    main.o(i.DATA_Report) refers to ffixi.o(.text) for __aeabi_f2iz
    main.o(i.DATA_Report) refers to main.o(.data) for mpu6050
    main.o(i.MPU_Read) refers to inv_mpu.o(i.mpu_dmp_get_data) for mpu_dmp_get_data
    main.o(i.MPU_Read) refers to mpu6050.o(i.MPU_Get_Temperature) for MPU_Get_Temperature
    main.o(i.MPU_Read) refers to mpu6050.o(i.MPU_Get_Accelerometer) for MPU_Get_Accelerometer
    main.o(i.MPU_Read) refers to mpu6050.o(i.MPU_Get_Gyroscope) for MPU_Get_Gyroscope
    main.o(i.MPU_Read) refers to main.o(.data) for yaw
    main.o(i.SYS_Init) refers to misc.o(i.NVIC_PriorityGroupConfig) for NVIC_PriorityGroupConfig
    main.o(i.SYS_Init) refers to delay.o(i.delay_init) for delay_init
    main.o(i.SYS_Init) refers to usart.o(i.uart_init) for uart_init
    main.o(i.SYS_Init) refers to usart.o(i.Usart2_Init) for Usart2_Init
    main.o(i.SYS_Init) refers to usart.o(i.USART3_Init) for USART3_Init
    main.o(i.SYS_Init) refers to led.o(i.LED_Init) for LED_Init
    main.o(i.SYS_Init) refers to mpu6050.o(i.MPU_Init) for MPU_Init
    main.o(i.SYS_Init) refers to bh1750.o(i.BH1750_Init) for BH1750_Init
    main.o(i.SYS_Init) refers to syn.o(i.sr04_init) for sr04_init
    main.o(i.SYS_Init) refers to syn.o(i.SYN_FrameInfo) for SYN_FrameInfo
    main.o(i.SYS_Init) refers to delay.o(i.delay_ms) for delay_ms
    main.o(i.SYS_Init) refers to stm32f10x_gpio.o(i.GPIO_SetBits) for GPIO_SetBits
    main.o(i.SYS_Init) refers to inv_mpu.o(i.mpu_dmp_init) for mpu_dmp_init
    main.o(i.SYS_Init) refers to stm32f10x_gpio.o(i.GPIO_ResetBits) for GPIO_ResetBits
    main.o(i.SYS_Init) refers to main.o(.data) for mpu6050
    main.o(i.dspub) refers to esp8266.o(i.ESP8266_SendCmd) for ESP8266_SendCmd
    main.o(i.dspub) refers to delay.o(i.delay_ms) for delay_ms
    main.o(i.dspub) refers to main.o(.data) for MQTTDATA1
    main.o(i.light_ctrl) refers to f2d.o(.text) for __aeabi_f2d
    main.o(i.light_ctrl) refers to cdcmple.o(.text) for __aeabi_cdcmple
    main.o(i.light_ctrl) refers to stm32f10x_gpio.o(i.GPIO_SetBits) for GPIO_SetBits
    main.o(i.light_ctrl) refers to stm32f10x_gpio.o(i.GPIO_ResetBits) for GPIO_ResetBits
    main.o(i.lightpub) refers to esp8266.o(i.ESP8266_SendCmd) for ESP8266_SendCmd
    main.o(i.lightpub) refers to delay.o(i.delay_ms) for delay_ms
    main.o(i.lightpub) refers to main.o(.data) for MQTTDATA3
    main.o(i.main) refers to main.o(i.SYS_Init) for SYS_Init
    main.o(i.main) refers to mcu_config.o(i.timer_init_config) for timer_init_config
    main.o(i.main) refers to esp8266.o(i.ESP8266_Init) for ESP8266_Init
    main.o(i.main) refers to bh1750.o(i.LIght_Intensity) for LIght_Intensity
    main.o(i.main) refers to syn.o(i.sr04_get_distance) for sr04_get_distance
    main.o(i.main) refers to ffixi.o(.text) for __aeabi_f2iz
    main.o(i.main) refers to fdiv.o(.text) for __aeabi_fdiv
    main.o(i.main) refers to main.o(i.lightpub) for lightpub
    main.o(i.main) refers to main.o(i.dspub) for dspub
    main.o(i.main) refers to main.o(i.mpu6050_ctrl) for mpu6050_ctrl
    main.o(i.main) refers to main.o(i.tipsub) for tipsub
    main.o(i.main) refers to main.o(i.sr04_ctrl) for sr04_ctrl
    main.o(i.main) refers to main.o(i.light_ctrl) for light_ctrl
    main.o(i.main) refers to main.o(.data) for Light
    main.o(i.mpu6050_ctrl) refers to main.o(i.MPU_Read) for MPU_Read
    main.o(i.mpu6050_ctrl) refers to main.o(i.DATA_Report) for DATA_Report
    main.o(i.mpu6050_ctrl) refers to stm32f10x_gpio.o(i.GPIO_ResetBits) for GPIO_ResetBits
    main.o(i.mpu6050_ctrl) refers to delay.o(i.delay_ms) for delay_ms
    main.o(i.mpu6050_ctrl) refers to stm32f10x_gpio.o(i.GPIO_SetBits) for GPIO_SetBits
    main.o(i.mpu6050_ctrl) refers to main.o(.data) for down
    main.o(i.sr04_ctrl) refers to syn.o(i.SYN_FrameInfo) for SYN_FrameInfo
    main.o(i.sr04_ctrl) refers to delay.o(i.delay_ms) for delay_ms
    main.o(i.sr04_ctrl) refers to usart.o(.data) for sta
    main.o(i.sr04_ctrl) refers to main.o(.data) for buf1
    main.o(i.tipsub) refers to esp8266.o(i.ESP8266_SendCmd) for ESP8266_SendCmd
    main.o(i.tipsub) refers to main.o(.data) for tip_flag
    system_stm32f10x.o(i.SetSysClock) refers to system_stm32f10x.o(i.SetSysClockTo72) for SetSysClockTo72
    system_stm32f10x.o(i.SystemCoreClockUpdate) refers to system_stm32f10x.o(.data) for SystemCoreClock
    system_stm32f10x.o(i.SystemInit) refers to system_stm32f10x.o(i.SetSysClock) for SetSysClock
    led.o(i.LED_Init) refers to stm32f10x_rcc.o(i.RCC_APB2PeriphClockCmd) for RCC_APB2PeriphClockCmd
    led.o(i.LED_Init) refers to stm32f10x_gpio.o(i.GPIO_Init) for GPIO_Init
    led.o(i.LED_Init) refers to stm32f10x_gpio.o(i.GPIO_ResetBits) for GPIO_ResetBits
[...]
    i.MPU_Get_Accelerometer                  0x080011c8   Section        0  mpu6050.o(i.MPU_Get_Accelerometer)
    i.MPU_Get_Gyroscope                      0x08001218   Section        0  mpu6050.o(i.MPU_Get_Gyroscope)
    i.MPU_Get_Temperature                    0x08001268   Section        0  mpu6050.o(i.MPU_Get_Temperature)
    i.MPU_IIC_Ack                            0x080012d0   Section        0  mpuiic.o(i.MPU_IIC_Ack)
    i.MPU_IIC_Delay                          0x0800131c   Section        0  mpuiic.o(i.MPU_IIC_Delay)
    i.MPU_IIC_Init                           0x08001328   Section        0  mpuiic.o(i.MPU_IIC_Init)
    i.MPU_IIC_NAck                           0x0800135c   Section        0  mpuiic.o(i.MPU_IIC_NAck)
    i.MPU_IIC_Read_Byte                      0x080013a8   Section        0  mpuiic.o(i.MPU_IIC_Read_Byte)
    i.MPU_IIC_Send_Byte                      0x08001414   Section        0  mpuiic.o(i.MPU_IIC_Send_Byte)
    i.MPU_IIC_Start                          0x08001470   Section        0  mpuiic.o(i.MPU_IIC_Start)
    i.MPU_IIC_Stop                           0x080014b8   Section        0  mpuiic.o(i.MPU_IIC_Stop)
    i.MPU_IIC_Wait_Ack                       0x08001500   Section        0  mpuiic.o(i.MPU_IIC_Wait_Ack)
    i.MPU_Init                               0x08001564   Section        0  mpu6050.o(i.MPU_Init)
    i.MPU_Read                               0x080015e4   Section        0  main.o(i.MPU_Read)
    i.MPU_Read_Byte                          0x08001678   Section        0  mpu6050.o(i.MPU_Read_Byte)
    i.MPU_Read_Len                           0x080016b2   Section        0  mpu6050.o(i.MPU_Read_Len)
    i.MPU_Set_Accel_Fsr                      0x08001726   Section        0  mpu6050.o(i.MPU_Set_Accel_Fsr)
    i.MPU_Set_Gyro_Fsr                       0x08001736   Section        0  mpu6050.o(i.MPU_Set_Gyro_Fsr)
    i.MPU_Set_LPF                            0x08001746   Section        0  mpu6050.o(i.MPU_Set_LPF)
    i.MPU_Set_Rate                           0x08001780   Section        0  mpu6050.o(i.MPU_Set_Rate)
    i.MPU_Write_Byte                         0x080017ba   Section        0  mpu6050.o(i.MPU_Write_Byte)
    i.MPU_Write_Len                          0x080017fe   Section        0  mpu6050.o(i.MPU_Write_Len)
    i.MemManage_Handler                      0x0800185e   Section        0  stm32f10x_it.o(i.MemManage_Handler)
    i.NMI_Handler                            0x08001862   Section        0  stm32f10x_it.o(i.NMI_Handler)
    i.NVIC_Init                              0x08001864   Section        0  misc.o(i.NVIC_Init)
    i.NVIC_PriorityGroupConfig               0x080018d4   Section        0  misc.o(i.NVIC_PriorityGroupConfig)
    i.PendSV_Handler                         0x080018e8   Section        0  stm32f10x_it.o(i.PendSV_Handler)
    i.RCC_APB1PeriphClockCmd                 0x080018ec   Section        0  stm32f10x_rcc.o(i.RCC_APB1PeriphClockCmd)
    i.RCC_APB2PeriphClockCmd                 0x0800190c   Section        0  stm32f10x_rcc.o(i.RCC_APB2PeriphClockCmd)
    i.RCC_GetClocksFreq                      0x0800192c   Section        0  stm32f10x_rcc.o(i.RCC_GetClocksFreq)
    i.SVC_Handler                            0x08001a00   Section        0  stm32f10x_it.o(i.SVC_Handler)
    i.SYN_FrameInfo                          0x08001a02   Section        0  syn.o(i.SYN_FrameInfo)
    i.SYS_Init                               0x08001a70   Section        0  main.o(i.SYS_Init)
    i.SetSysClock                            0x08001b14   Section        0  system_stm32f10x.o(i.SetSysClock)
    SetSysClock                              0x08001b15   Thumb Code     8  system_stm32f10x.o(i.SetSysClock)
    i.SetSysClockTo72                        0x08001b1c   Section        0  system_stm32f10x.o(i.SetSysClockTo72)
    SetSysClockTo72                          0x08001b1d   Thumb Code   214  system_stm32f10x.o(i.SetSysClockTo72)
    i.SysTick_CLKSourceConfig                0x08001bfc   Section        0  misc.o(i.SysTick_CLKSourceConfig)
    i.SysTick_Handler                        0x08001c24   Section        0  stm32f10x_it.o(i.SysTick_Handler)
    i.SystemInit                             0x08001c28   Section        0  system_stm32f10x.o(i.SystemInit)
    i.TIM_Cmd                                0x08001c88   Section        0  stm32f10x_tim.o(i.TIM_Cmd)
    i.TIM_ITConfig                           0x08001ca0   Section        0  stm32f10x_tim.o(i.TIM_ITConfig)
    i.TIM_TimeBaseInit                       0x08001cb4   Section        0  stm32f10x_tim.o(i.TIM_TimeBaseInit)
    i.USART1_IRQHandler                      0x08001d58   Section        0  usart.o(i.USART1_IRQHandler)
    i.USART2_IRQHandler                      0x08001da0   Section        0  esp8266.o(i.USART2_IRQHandler)
    i.USART3_IRQHandler                      0x08001dec   Section        0  usart.o(i.USART3_IRQHandler)
    i.USART3_Init                            0x08001e08   Section        0  usart.o(i.USART3_Init)
    i.USART3_SendData                        0x08001eb0   Section        0  usart.o(i.USART3_SendData)
    i.USART3_SendString                      0x08001ecc   Section        0  usart.o(i.USART3_SendString)
    i.USART_ClearFlag                        0x08001ee8   Section        0  stm32f10x_usart.o(i.USART_ClearFlag)
    i.USART_ClearITPendingBit                0x08001efa   Section        0  stm32f10x_usart.o(i.USART_ClearITPendingBit)
    i.USART_Cmd                              0x08001f18   Section        0  stm32f10x_usart.o(i.USART_Cmd)
    i.USART_GetFlagStatus                    0x08001f30   Section        0  stm32f10x_usart.o(i.USART_GetFlagStatus)
    i.USART_GetITStatus                      0x08001f4a   Section        0  stm32f10x_usart.o(i.USART_GetITStatus)
    i.USART_ITConfig                         0x08001f9e   Section        0  stm32f10x_usart.o(i.USART_ITConfig)
    i.USART_Init                             0x08001fe8   Section        0  stm32f10x_usart.o(i.USART_Init)
    i.USART_ReceiveData                      0x080020c0   Section        0  stm32f10x_usart.o(i.USART_ReceiveData)
    i.USART_SendData                         0x080020ca   Section        0  stm32f10x_usart.o(i.USART_SendData)
    i.UsageFault_Handler                     0x080020d2   Section        0  stm32f10x_it.o(i.UsageFault_Handler)
    i.Usart2_Init                            0x080020d8   Section        0  usart.o(i.Usart2_Init)
    i.Usart_SendString                       0x08002184   Section        0  usart.o(i.Usart_SendString)
    i.__0printf$8                            0x080021b8   Section        0  printf8.o(i.__0printf$8)
    i.__ARM_fpclassify                       0x080021d8   Section        0  fpclassify.o(i.__ARM_fpclassify)
    i.__kernel_poly                          0x08002200   Section        0  poly.o(i.__kernel_poly)
    i.__mathlib_dbl_infnan                   0x080022aa   Section        0  dunder.o(i.__mathlib_dbl_infnan)
    i.__mathlib_dbl_infnan2                  0x080022b0   Section        0  dunder.o(i.__mathlib_dbl_infnan2)
    i.__mathlib_dbl_invalid                  0x080022b4   Section        0  dunder.o(i.__mathlib_dbl_invalid)
    i.__mathlib_dbl_underflow                0x080022c0   Section        0  dunder.o(i.__mathlib_dbl_underflow)
    i.__scatterload_copy                     0x080022d0   Section       14  handlers.o(i.__scatterload_copy)
    i.__scatterload_null                     0x080022de   Section        2  handlers.o(i.__scatterload_null)
    i.__scatterload_zeroinit                 0x080022e0   Section       14  handlers.o(i.__scatterload_zeroinit)
    i.__set_errno                            0x080022f0   Section        0  errno.o(i.__set_errno)
    i._printf_core                           0x080022fc   Section        0  printf8.o(i._printf_core)
    _printf_core                             0x080022fd   Thumb Code   984  printf8.o(i._printf_core)
    i._printf_post_padding                   0x08002700   Section        0  printf8.o(i._printf_post_padding)
    _printf_post_padding                     0x08002701   Thumb Code    36  printf8.o(i._printf_post_padding)
    i._printf_pre_padding                    0x08002724   Section        0  printf8.o(i._printf_pre_padding)
    _printf_pre_padding                      0x08002725   Thumb Code    46  printf8.o(i._printf_pre_padding)
    i.accel_self_test                        0x08002754   Section        0  inv_mpu.o(i.accel_self_test)
    accel_self_test                          0x08002755   Thumb Code   164  inv_mpu.o(i.accel_self_test)
    i.asin                                   0x080027fc   Section        0  asin.o(i.asin)
    i.atan                                   0x08002a6c   Section        0  atan.o(i.atan)
    i.atan2                                  0x08002c8c   Section        0  atan2.o(i.atan2)
    i.buffer_Init                            0x08002e28   Section        0  mpuiic.o(i.buffer_Init)
    i.decode_gesture                         0x08002e64   Section        0  inv_mpu_dmp_motion_driver.o(i.decode_gesture)
    decode_gesture                           0x08002e65   Thumb Code    94  inv_mpu_dmp_motion_driver.o(i.decode_gesture)
    i.delay_init                             0x08002ec8   Section        0  delay.o(i.delay_init)
    i.delay_ms                               0x08002f0c   Section        0  delay.o(i.delay_ms)
    i.delay_us                               0x08002f58   Section        0  delay.o(i.delay_us)
    i.dmp_enable_6x_lp_quat                  0x08002fa4   Section        0  inv_mpu_dmp_motion_driver.o(i.dmp_enable_6x_lp_quat)
    i.dmp_enable_feature                     0x08002fe0   Section        0  inv_mpu_dmp_motion_driver.o(i.dmp_enable_feature)
    i.dmp_enable_gyro_cal                    0x080031fc   Section        0  inv_mpu_dmp_motion_driver.o(i.dmp_enable_gyro_cal)
    i.dmp_enable_lp_quat                     0x08003254   Section        0  inv_mpu_dmp_motion_driver.o(i.dmp_enable_lp_quat)
    i.dmp_load_motion_driver_firmware        0x08003290   Section        0  inv_mpu_dmp_motion_driver.o(i.dmp_load_motion_driver_firmware)
    i.dmp_read_fifo                          0x080032a8   Section        0  inv_mpu_dmp_motion_driver.o(i.dmp_read_fifo)
    i.dmp_set_accel_bias                     0x08003474   Section        0  inv_mpu_dmp_motion_driver.o(i.dmp_set_accel_bias)
    i.dmp_set_fifo_rate                      0x080035a4   Section        0  inv_mpu_dmp_motion_driver.o(i.dmp_set_fifo_rate)
    i.dmp_set_gyro_bias                      0x08003614   Section        0  inv_mpu_dmp_motion_driver.o(i.dmp_set_gyro_bias)
    i.dmp_set_orientation                    0x08003744   Section        0  inv_mpu_dmp_motion_driver.o(i.dmp_set_orientation)
    i.dmp_set_shake_reject_thresh            0x0800387c   Section        0  inv_mpu_dmp_motion_driver.o(i.dmp_set_shake_reject_thresh)
    i.dmp_set_shake_reject_time              0x080038b4   Section        0  inv_mpu_dmp_motion_driver.o(i.dmp_set_shake_reject_time)
    i.dmp_set_shake_reject_timeout           0x080038da   Section        0  inv_mpu_dmp_motion_driver.o(i.dmp_set_shake_reject_timeout)
    i.dmp_set_tap_axes                       0x08003900   Section        0  inv_mpu_dmp_motion_driver.o(i.dmp_set_tap_axes)
    i.dmp_set_tap_count                      0x08003946   Section        0  inv_mpu_dmp_motion_driver.o(i.dmp_set_tap_count)
    i.dmp_set_tap_thresh                     0x0800396c   Section        0  inv_mpu_dmp_motion_driver.o(i.dmp_set_tap_thresh)
    i.dmp_set_tap_time                       0x08003b0c   Section        0  inv_mpu_dmp_motion_driver.o(i.dmp_set_tap_time)
    i.dmp_set_tap_time_multi                 0x08003b32   Section        0  inv_mpu_dmp_motion_driver.o(i.dmp_set_tap_time_multi)
    i.dspub                                  0x08003b58   Section        0  main.o(i.dspub)
    i.fputc                                  0x08003b88   Section        0  mcu_config.o(i.fputc)
    i.get_accel_prod_shift                   0x08003bac   Section        0  inv_mpu.o(i.get_accel_prod_shift)
    get_accel_prod_shift                     0x08003bad   Thumb Code   168  inv_mpu.o(i.get_accel_prod_shift)
    i.get_st_biases                          0x08003c60   Section        0  inv_mpu.o(i.get_st_biases)
    get_st_biases                            0x08003c61   Thumb Code  1128  inv_mpu.o(i.get_st_biases)
    i.gyro_self_test                         0x080040cc   Section        0  inv_mpu.o(i.gyro_self_test)
    gyro_self_test                           0x080040cd   Thumb Code   256  inv_mpu.o(i.gyro_self_test)
    i.i2c_Ack                                0x080041dc   Section        0  bh1750.o(i.i2c_Ack)
    i.i2c_Delay                              0x0800420c   Section        0  bh1750.o(i.i2c_Delay)
    i2c_Delay                                0x0800420d   Thumb Code    14  bh1750.o(i.i2c_Delay)
    i.i2c_NAck                               0x0800421c   Section        0  bh1750.o(i.i2c_NAck)
    i.i2c_ReadByte                           0x08004244   Section        0  bh1750.o(i.i2c_ReadByte)
    i.i2c_SendByte                           0x08004288   Section        0  bh1750.o(i.i2c_SendByte)
    i.i2c_Start                              0x080042dc   Section        0  bh1750.o(i.i2c_Start)
    i.i2c_Stop                               0x0800430c   Section        0  bh1750.o(i.i2c_Stop)
    i.i2c_WaitAck                            0x0800432c   Section        0  bh1750.o(i.i2c_WaitAck)
    i.inv_orientation_matrix_to_scalar       0x08004368   Section        0  inv_mpu.o(i.inv_orientation_matrix_to_scalar)
    i.inv_row_2_scale                        0x08004390   Section        0  inv_mpu.o(i.inv_row_2_scale)
    i.light_ctrl                             0x080043e0   Section        0  main.o(i.light_ctrl)
    i.lightpub                               0x08004414   Section        0  main.o(i.lightpub)
    i.main                                   0x0800444c   Section        0  main.o(i.main)
    i.mget_ms                                0x08004500   Section        0  inv_mpu.o(i.mget_ms)
    i.mpu6050_ctrl                           0x08004504   Section        0  main.o(i.mpu6050_ctrl)
    i.mpu_configure_fifo                     0x08004550   Section        0  inv_mpu.o(i.mpu_configure_fifo)
    i.mpu_dmp_get_data                       0x080045c0   Section        0  inv_mpu.o(i.mpu_dmp_get_data)
    i.mpu_dmp_init                           0x080047e4   Section        0  inv_mpu.o(i.mpu_dmp_init)
    i.mpu_get_accel_fsr                      0x08004884   Section        0  inv_mpu.o(i.mpu_get_accel_fsr)
    i.mpu_get_accel_sens                     0x080048d0   Section        0  inv_mpu.o(i.mpu_get_accel_sens)
    i.mpu_get_fifo_config                    0x08004924   Section        0  inv_mpu.o(i.mpu_get_fifo_config)
    i.mpu_get_gyro_fsr                       0x08004934   Section        0  inv_mpu.o(i.mpu_get_gyro_fsr)
    i.mpu_get_gyro_sens                      0x08004978   Section        0  inv_mpu.o(i.mpu_get_gyro_sens)
    i.mpu_get_lpf                            0x080049c8   Section        0  inv_mpu.o(i.mpu_get_lpf)
    i.mpu_get_sample_rate                    0x08004a18   Section        0  inv_mpu.o(i.mpu_get_sample_rate)
    i.mpu_init                               0x08004a38   Section        0  inv_mpu.o(i.mpu_init)
    i.mpu_load_firmware                      0x08004c28   Section        0  inv_mpu.o(i.mpu_load_firmware)
    i.mpu_lp_accel_mode                      0x08004ce0   Section        0  inv_mpu.o(i.mpu_lp_accel_mode)
    i.mpu_read_fifo_stream                   0x08004dc0   Section        0  inv_mpu.o(i.mpu_read_fifo_stream)
    i.mpu_read_mem                           0x08004e80   Section        0  inv_mpu.o(i.mpu_read_mem)
    i.mpu_reset_fifo                         0x08004f00   Section        0  inv_mpu.o(i.mpu_reset_fifo)
    i.mpu_run_self_test                      0x080050c8   Section        0  inv_mpu.o(i.mpu_run_self_test)
    i.mpu_set_accel_fsr                      0x080051e4   Section        0  inv_mpu.o(i.mpu_set_accel_fsr)
    i.mpu_set_bypass                         0x08005268   Section        0  inv_mpu.o(i.mpu_set_bypass)
    i.mpu_set_dmp_state                      0x080053b4   Section        0  inv_mpu.o(i.mpu_set_dmp_state)
    i.mpu_set_gyro_fsr                       0x08005444   Section        0  inv_mpu.o(i.mpu_set_gyro_fsr)
    i.mpu_set_int_latched                    0x080054cc   Section        0  inv_mpu.o(i.mpu_set_int_latched)
    i.mpu_set_lpf                            0x08005538   Section        0  inv_mpu.o(i.mpu_set_lpf)
    i.mpu_set_sample_rate                    0x080055bc   Section        0  inv_mpu.o(i.mpu_set_sample_rate)
    i.mpu_set_sensors                        0x08005658   Section        0  inv_mpu.o(i.mpu_set_sensors)
    i.mpu_write_mem                          0x08005728   Section        0  inv_mpu.o(i.mpu_write_mem)
    i.run_self_test                          0x080057a8   Section        0  inv_mpu.o(i.run_self_test)
    i.set_int_enable                         0x08005840   Section        0  inv_mpu.o(i.set_int_enable)
    set_int_enable                           0x08005841   Thumb Code   138  inv_mpu.o(i.set_int_enable)
    i.sqrt                                   0x080058d0   Section        0  sqrt.o(i.sqrt)
    i.sr04_ctrl                              0x0800591c   Section        0  main.o(i.sr04_ctrl)
    i.sr04_get_distance                      0x08005b68   Section        0  syn.o(i.sr04_get_distance)
    i.sr04_init                              0x08005bec   Section        0  syn.o(i.sr04_init)
    i.timer_init_config                      0x08005c34   Section        0  mcu_config.o(i.timer_init_config)
    i.timer_parameter_config                 0x08005c4e   Section        0  mcu_config.o(i.timer_parameter_config)
    i.tipsub                                 0x08005c80   Section        0  main.o(i.tipsub)
    i.uart_init                              0x08005cb0   Section        0  usart.o(i.uart_init)
    .constdata                               0x08005dc8   Section       80  inv_mpu.o(.constdata)
    .constdata                               0x08005e18   Section     3062  inv_mpu_dmp_motion_driver.o(.constdata)
    dmp_memory                               0x08005e18   Data        3062  inv_mpu_dmp_motion_driver.o(.constdata)
    .constdata                               0x08006a10   Section       80  asin.o(.constdata)
    pS                                       0x08006a10   Data          48  asin.o(.constdata)
    qS                                       0x08006a40   Data          32  asin.o(.constdata)
    .constdata                               0x08006a60   Section      152  atan.o(.constdata)
    atanhi                                   0x08006a60   Data          32  atan.o(.constdata)
    atanlo                                   0x08006a80   Data          32  atan.o(.constdata)
    aTodd                                    0x08006aa0   Data          40  atan.o(.constdata)
    aTeven                                   0x08006ac8   Data          48  atan.o(.constdata)
    .constdata                               0x08006af8   Section        8  qnan.o(.constdata)
    .conststring                             0x08006b00   Section       77  inv_mpu.o(.conststring)
    .data                                    0x20000000   Section     1456  main.o(.data)
    .data                                    0x200005b0   Section       20  system_stm32f10x.o(.data)
    .data                                    0x200005c4   Section       53  inv_mpu.o(.data)
    st                                       0x200005c4   Data          44  inv_mpu.o(.data)
    gyro_orientation                         0x200005f0   Data           9  inv_mpu.o(.data)
    .data                                    0x200005fa   Section        4  delay.o(.data)
    fac_us                                   0x200005fa   Data           1  delay.o(.data)
    fac_ms                                   0x200005fc   Data           2  delay.o(.data)
    .data                                    0x20000600   Section        9  usart.o(.data)
    .data                                    0x20000609   Section        1  syn.o(.data)
    .data                                    0x2000060a   Section      104  esp8266.o(.data)
    .data                                    0x20000672   Section       20  stm32f10x_rcc.o(.data)
    APBAHBPrescTable                         0x20000672   Data          16  stm32f10x_rcc.o(.data)
    ADCPrescTable                            0x20000682   Data           4  stm32f10x_rcc.o(.data)
    .data                                    0x20000688   Section        4  errno.o(.data)
    _errno                                   0x20000688   Data           4  errno.o(.data)
    .bss                                     0x2000068c   Section       16  inv_mpu_dmp_motion_driver.o(.bss)
    dmp                                      0x2000068c   Data          16  inv_mpu_dmp_motion_driver.o(.bss)
    .bss                                     0x2000069c   Section      128  esp8266.o(.bss)
    STACK                                    0x20000720   Section     1024  startup_stm32f10x_md.o(STACK)

    Global Symbols

    Symbol Name                              Value     Ov Type        Size  Object(Section)

    BuildAttributes$$THM_ISAv4$P$D$K$B$S$PE$A:L22UL41UL21$X:L11$S22US41US21$IEEE1$IW$USESV6$~STKCKD$USESV7$~SHL$OTIME$ROPI$IEEEX$EBA8$MICROLIB$REQ8$PRES8$EABIv2 0x00000000   Number         0  anon$$obj.o ABSOLUTE
    __ARM_use_no_argv                        0x00000000   Number         0  main.o ABSOLUTE
    __use_no_errno                           0x00000000   Number         0  useno.o ABSOLUTE
    __use_no_exception_handling              0x00000000   Number         0  useno.o ABSOLUTE
    __use_no_fp                              0x00000000   Number         0  useno.o ABSOLUTE
    __use_no_heap                            0x00000000   Number         0  useno.o ABSOLUTE
    __use_no_heap_region                     0x00000000   Number         0  useno.o ABSOLUTE
    __use_no_semihosting                     0x00000000   Number         0  useno.o ABSOLUTE
    __use_no_semihosting_swi                 0x00000000   Number         0  useno.o ABSOLUTE
    __use_no_signal_handling                 0x00000000   Number         0  useno.o ABSOLUTE
    _printf_a                                0x00000000   Number         0  stubs.o ABSOLUTE
    _printf_c                                0x00000000   Number         0  stubs.o ABSOLUTE
    _printf_charcount                        0x00000000   Number         0  stubs.o ABSOLUTE
    _printf_d                                0x00000000   Number         0  stubs.o ABSOLUTE
    _printf_e                                0x00000000   Number         0  stubs.o ABSOLUTE
    _printf_f                                0x00000000   Number         0  stubs.o ABSOLUTE
    _printf_flags                            0x00000000   Number         0  stubs.o ABSOLUTE
    _printf_fp_dec                           0x00000000   Number         0  stubs.o ABSOLUTE
    _printf_fp_hex                           0x00000000   Number         0  stubs.o ABSOLUTE
    _printf_g                                0x00000000   Number         0  stubs.o ABSOLUTE
    _printf_i                                0x00000000   Number         0  stubs.o ABSOLUTE
    _printf_int_dec                          0x00000000   Number         0  stubs.o ABSOLUTE
    _printf_l                                0x00000000   Number         0  stubs.o ABSOLUTE
    _printf_lc                               0x00000000   Number         0  stubs.o ABSOLUTE
    _printf_ll                               0x00000000   Number         0  stubs.o ABSOLUTE
    _printf_lld                              0x00000000   Number         0  stubs.o ABSOLUTE
    _printf_lli                              0x00000000   Number         0  stubs.o ABSOLUTE
    _printf_llo                              0x00000000   Number         0  stubs.o ABSOLUTE
    _printf_llu                              0x00000000   Number         0  stubs.o ABSOLUTE
    _printf_llx                              0x00000000   Number         0  stubs.o ABSOLUTE
    _printf_longlong_dec                     0x00000000   Number         0  stubs.o ABSOLUTE
    _printf_longlong_hex                     0x00000000   Number         0  stubs.o ABSOLUTE
    _printf_longlong_oct                     0x00000000   Number         0  stubs.o ABSOLUTE
    _printf_ls                               0x00000000   Number         0  stubs.o ABSOLUTE
    _printf_mbtowc                           0x00000000   Number         0  stubs.o ABSOLUTE
    _printf_n                                0x00000000   Number         0  stubs.o ABSOLUTE
    _printf_o                                0x00000000   Number         0  stubs.o ABSOLUTE
    _printf_p                                0x00000000   Number         0  stubs.o ABSOLUTE
    _printf_percent                          0x00000000   Number         0  stubs.o ABSOLUTE
    _printf_pre_padding                      0x00000000   Number         0  stubs.o ABSOLUTE
    _printf_return_value                     0x00000000   Number         0  stubs.o ABSOLUTE
    _printf_s                                0x00000000   Number         0  stubs.o ABSOLUTE
    _printf_sizespec                         0x00000000   Number         0  stubs.o ABSOLUTE
    _printf_str                              0x00000000   Number         0  stubs.o ABSOLUTE
    _printf_truncate_signed                  0x00000000   Number         0  stubs.o ABSOLUTE
    _printf_truncate_unsigned                0x00000000   Number         0  stubs.o ABSOLUTE
    _printf_u                                0x00000000   Number         0  stubs.o ABSOLUTE
    _printf_wc                               0x00000000   Number         0  stubs.o ABSOLUTE
    _printf_wctomb                           0x00000000   Number         0  stubs.o ABSOLUTE
    _printf_widthprec                        0x00000000   Number         0  stubs.o ABSOLUTE
    _printf_x                                0x00000000   Number         0  stubs.o ABSOLUTE
    __arm_fini_                               - Undefined Weak Reference
    __cpp_initialize__aeabi_                  - Undefined Weak Reference
    __cxa_finalize                            - Undefined Weak Reference
    _clock_init                               - Undefined Weak Reference
    _microlib_exit                            - Undefined Weak Reference
    __Vectors_Size                           0x000000ec   Number         0  startup_stm32f10x_md.o ABSOLUTE
    __Vectors                                0x08000000   Data           4  startup_stm32f10x_md.o(RESET)
    __Vectors_End                            0x080000ec   Data           0  startup_stm32f10x_md.o(RESET)
    __main                                   0x080000ed   Thumb Code     0  entry.o(.ARM.Collect$$$$00000000)
    _main_stk                                0x080000ed   Thumb Code     0  entry2.o(.ARM.Collect$$$$00000001)
    _main_scatterload                        0x080000f1   Thumb Code     0  entry5.o(.ARM.Collect$$$$00000004)
    __main_after_scatterload                 0x080000f5   Thumb Code     0  entry5.o(.ARM.Collect$$$$00000004)
    _main_clock                              0x080000f5   Thumb Code     0  entry7b.o(.ARM.Collect$$$$00000008)
    _main_cpp_init                           0x080000f5   Thumb Code     0  entry8b.o(.ARM.Collect$$$$0000000A)
    _main_init                               0x080000f5   Thumb Code     0  entry9a.o(.ARM.Collect$$$$0000000B)
    __rt_lib_shutdown_fini                   0x080000fd   Thumb Code     0  entry12b.o(.ARM.Collect$$$$0000000E)
    __rt_final_cpp                           0x08000101   Thumb Code     0  entry10a.o(.ARM.Collect$$$$0000000F)
    __rt_final_exit                          0x08000101   Thumb Code     0  entry11a.o(.ARM.Collect$$$$00000011)
    Reset_Handler                            0x08000105   Thumb Code     8  startup_stm32f10x_md.o(.text)
    ADC1_2_IRQHandler                        0x0800011f   Thumb Code     0  startup_stm32f10x_md.o(.text)
    CAN1_RX1_IRQHandler                      0x0800011f   Thumb Code     0  startup_stm32f10x_md.o(.text)
    CAN1_SCE_IRQHandler                      0x0800011f   Thumb Code     0  startup_stm32f10x_md.o(.text)
    DMA1_Channel1_IRQHandler                 0x0800011f   Thumb Code     0  startup_stm32f10x_md.o(.text)
    DMA1_Channel2_IRQHandler                 0x0800011f   Thumb Code     0  startup_stm32f10x_md.o(.text)
    DMA1_Channel3_IRQHandler                 0x0800011f   Thumb Code     0  startup_stm32f10x_md.o(.text)
    DMA1_Channel4_IRQHandler                 0x0800011f   Thumb Code     0  startup_stm32f10x_md.o(.text)
    DMA1_Channel5_IRQHandler                 0x0800011f   Thumb Code     0  startup_stm32f10x_md.o(.text)
    DMA1_Channel6_IRQHandler                 0x0800011f   Thumb Code     0  startup_stm32f10x_md.o(.text)
    DMA1_Channel7_IRQHandler                 0x0800011f   Thumb Code     0  startup_stm32f10x_md.o(.text)
    EXTI0_IRQHandler                         0x0800011f   Thumb Code     0  startup_stm32f10x_md.o(.text)
    EXTI15_10_IRQHandler                     0x0800011f   Thumb Code     0  startup_stm32f10x_md.o(.text)
    EXTI1_IRQHandler                         0x0800011f   Thumb Code     0  startup_stm32f10x_md.o(.text)
    EXTI2_IRQHandler                         0x0800011f   Thumb Code     0  startup_stm32f10x_md.o(.text)
    EXTI3_IRQHandler                         0x0800011f   Thumb Code     0  startup_stm32f10x_md.o(.text)
    EXTI4_IRQHandler                         0x0800011f   Thumb Code     0  startup_stm32f10x_md.o(.text)
    EXTI9_5_IRQHandler                       0x0800011f   Thumb Code     0  startup_stm32f10x_md.o(.text)
    FLASH_IRQHandler                         0x0800011f   Thumb Code     0  startup_stm32f10x_md.o(.text)
    I2C1_ER_IRQHandler                       0x0800011f   Thumb Code     0  startup_stm32f10x_md.o(.text)
    I2C1_EV_IRQHandler                       0x0800011f   Thumb Code     0  startup_stm32f10x_md.o(.text)
    I2C2_ER_IRQHandler                       0x0800011f   Thumb Code     0  startup_stm32f10x_md.o(.text)
    I2C2_EV_IRQHandler                       0x0800011f   Thumb Code     0  startup_stm32f10x_md.o(.text)
    PVD_IRQHandler                           0x0800011f   Thumb Code     0  startup_stm32f10x_md.o(.text)
    RCC_IRQHandler                           0x0800011f   Thumb Code     0  startup_stm32f10x_md.o(.text)
    RTCAlarm_IRQHandler                      0x0800011f   Thumb Code     0  startup_stm32f10x_md.o(.text)
    RTC_IRQHandler                           0x0800011f   Thumb Code     0  startup_stm32f10x_md.o(.text)
    SPI1_IRQHandler                          0x0800011f   Thumb Code     0  startup_stm32f10x_md.o(.text)
    SPI2_IRQHandler                          0x0800011f   Thumb Code     0  startup_stm32f10x_md.o(.text)
    TAMPER_IRQHandler                        0x0800011f   Thumb Code     0  startup_stm32f10x_md.o(.text)
    TIM1_BRK_IRQHandler                      0x0800011f   Thumb Code     0  startup_stm32f10x_md.o(.text)
    TIM1_CC_IRQHandler                       0x0800011f   Thumb Code     0  startup_stm32f10x_md.o(.text)
    TIM1_TRG_COM_IRQHandler                  0x0800011f   Thumb Code     0  startup_stm32f10x_md.o(.text)
    TIM1_UP_IRQHandler                       0x0800011f   Thumb Code     0  startup_stm32f10x_md.o(.text)
    TIM2_IRQHandler                          0x0800011f   Thumb Code     0  startup_stm32f10x_md.o(.text)
    TIM3_IRQHandler                          0x0800011f   Thumb Code     0  startup_stm32f10x_md.o(.text)
    TIM4_IRQHandler                          0x0800011f   Thumb Code     0  startup_stm32f10x_md.o(.text)
    USBWakeUp_IRQHandler                     0x0800011f   Thumb Code     0  startup_stm32f10x_md.o(.text)
    USB_HP_CAN1_TX_IRQHandler                0x0800011f   Thumb Code     0  startup_stm32f10x_md.o(.text)
    USB_LP_CAN1_RX0_IRQHandler               0x0800011f   Thumb Code     0  startup_stm32f10x_md.o(.text)
    WWDG_IRQHandler                          0x0800011f   Thumb Code     0  startup_stm32f10x_md.o(.text)
    __aeabi_ldivmod                          0x08000129   Thumb Code    98  ldiv.o(.text)
    __aeabi_memcpy                           0x0800018b   Thumb Code    36  memcpya.o(.text)
    __aeabi_memcpy4                          0x0800018b   Thumb Code     0  memcpya.o(.text)
    __aeabi_memcpy8                          0x0800018b   Thumb Code     0  memcpya.o(.text)
    __aeabi_memset                           0x080001af   Thumb Code    14  memseta.o(.text)
    __aeabi_memset4                          0x080001af   Thumb Code     0  memseta.o(.text)
    __aeabi_memset8                          0x080001af   Thumb Code     0  memseta.o(.text)
    __aeabi_memclr                           0x080001bd   Thumb Code     4  memseta.o(.text)
    __aeabi_memclr4                          0x080001bd   Thumb Code     0  memseta.o(.text)
    __aeabi_memclr8                          0x080001bd   Thumb Code     0  memseta.o(.text)
    _memset$wrapper                          0x080001c1   Thumb Code    18  memseta.o(.text)
    strstr                                   0x080001d3   Thumb Code    36  strstr.o(.text)
    strlen                                   0x080001f7   Thumb Code    14  strlen.o(.text)
    memcmp                                   0x08000205   Thumb Code    26  memcmp.o(.text)
    __aeabi_fadd                             0x0800021f   Thumb Code   164  fadd.o(.text)
    __aeabi_fsub                             0x080002c3   Thumb Code     6  fadd.o(.text)
    __aeabi_frsub                            0x080002c9   Thumb Code     6  fadd.o(.text)
    __aeabi_fmul                             0x080002cf   Thumb Code   100  fmul.o(.text)
    __aeabi_fdiv                             0x08000333   Thumb Code   124  fdiv.o(.text)
    __aeabi_dadd                             0x080003af   Thumb Code   322  dadd.o(.text)
    __aeabi_dsub                             0x080004f1   Thumb Code     6  dadd.o(.text)
    __aeabi_drsub                            0x080004f7   Thumb Code     6  dadd.o(.text)
    __aeabi_dmul                             0x080004fd   Thumb Code   228  dmul.o(.text)
    __aeabi_ddiv                             0x080005e1   Thumb Code   222  ddiv.o(.text)
    __aeabi_i2f                              0x080006bf   Thumb Code    18  fflti.o(.text)
    __aeabi_ui2f                             0x080006d1   Thumb Code    10  ffltui.o(.text)
    __aeabi_i2d                              0x080006db   Thumb Code    34  dflti.o(.text)
    __aeabi_ui2d                             0x080006fd   Thumb Code    26  dfltui.o(.text)
    __aeabi_f2iz                             0x08000717   Thumb Code    50  ffixi.o(.text)
    __aeabi_f2uiz                            0x08000749   Thumb Code    40  ffixui.o(.text)
    __aeabi_d2uiz                            0x08000771   Thumb Code    50  dfixui.o(.text)
    __aeabi_f2d                              0x080007a3   Thumb Code    38  f2d.o(.text)
    __aeabi_cdcmpeq                          0x080007c9   Thumb Code     0  cdcmple.o(.text)
    __aeabi_cdcmple                          0x080007c9   Thumb Code    48  cdcmple.o(.text)
    __aeabi_d2f                              0x080007f9   Thumb Code    56  d2f.o(.text)
    __aeabi_cfcmpeq                          0x08000831   Thumb Code     0  cfcmple.o(.text)
    __aeabi_cfcmple                          0x08000831   Thumb Code    20  cfcmple.o(.text)
    __aeabi_cfrcmple                         0x08000845   Thumb Code    20  cfrcmple.o(.text)
    __aeabi_uldivmod                         0x08000859   Thumb Code    98  uldiv.o(.text)
    __aeabi_llsl                             0x080008bb   Thumb Code    30  llshl.o(.text)
    _ll_shift_l                              0x080008bb   Thumb Code     0  llshl.o(.text)
    __aeabi_llsr                             0x080008d9   Thumb Code    32  llushr.o(.text)
    _ll_ushift_r                             0x080008d9   Thumb Code     0  llushr.o(.text)
    __aeabi_lasr                             0x080008f9   Thumb Code    36  llsshr.o(.text)
    _ll_sshift_r                             0x080008f9   Thumb Code     0  llsshr.o(.text)
    __I$use$fp                               0x0800091d   Thumb Code     0  iusefp.o(.text)
    _float_round                             0x0800091d   Thumb Code    18  fepilogue.o(.text)
    _float_epilogue                          0x0800092f   Thumb Code    92  fepilogue.o(.text)
    _double_round                            0x0800098b   Thumb Code    30  depilogue.o(.text)
    _double_epilogue                         0x080009a9   Thumb Code   156  depilogue.o(.text)
    __ARM_scalbn                             0x08000a45   Thumb Code    46  dscalb.o(.text)
    scalbn                                   0x08000a45   Thumb Code     0  dscalb.o(.text)
    __scatterload                            0x08000a75   Thumb Code    28  init.o(.text)
    __scatterload_rt2                        0x08000a75   Thumb Code     0  init.o(.text)
    _dsqrt                                   0x08000a99   Thumb Code   162  dsqrt.o(.text)
    __decompress                             0x08000b3b   Thumb Code     0  __dczerorl2.o(.text)
    __decompress1                            0x08000b3b   Thumb Code    86  __dczerorl2.o(.text)
    BH1750_Byte_Write                        0x08000b91   Thumb Code    50  bh1750.o(i.BH1750_Byte_Write)
    BH1750_Init                              0x08000bc3   Thumb Code    18  bh1750.o(i.BH1750_Init)
    BH1750_Power_ON                          0x08000bd5   Thumb Code    10  bh1750.o(i.BH1750_Power_ON)
    BH1750_Read_Measure                      0x08000bdf   Thumb Code    58  bh1750.o(i.BH1750_Read_Measure)
    BusFault_Handler                         0x08000c19   Thumb Code     4  stm32f10x_it.o(i.BusFault_Handler)
    DATA_Report                              0x08000c1d   Thumb Code   182  main.o(i.DATA_Report)
    DebugMon_Handler                         0x08000cf1   Thumb Code     2  stm32f10x_it.o(i.DebugMon_Handler)
    ESP8266_Clear                            0x08000cf5   Thumb Code    18  esp8266.o(i.ESP8266_Clear)
    ESP8266_Init                             0x08000d11   Thumb Code   284  esp8266.o(i.ESP8266_Init)
    ESP8266_SendCmd                          0x08000f29   Thumb Code   122  esp8266.o(i.ESP8266_SendCmd)
    ESP8266_WaitRecive                       0x08000fb9   Thumb Code    42  esp8266.o(i.ESP8266_WaitRecive)
    GPIO_Init                                0x08000fed   Thumb Code   278  stm32f10x_gpio.o(i.GPIO_Init)
    GPIO_ReadInputDataBit                    0x08001103   Thumb Code    18  stm32f10x_gpio.o(i.GPIO_ReadInputDataBit)
    GPIO_ResetBits                           0x08001115   Thumb Code     4  stm32f10x_gpio.o(i.GPIO_ResetBits)
    GPIO_SetBits                             0x08001119   Thumb Code     4  stm32f10x_gpio.o(i.GPIO_SetBits)
    GPIO_WriteBit                            0x0800111d   Thumb Code    10  stm32f10x_gpio.o(i.GPIO_WriteBit)
    HardFault_Handler                        0x08001127   Thumb Code     4  stm32f10x_it.o(i.HardFault_Handler)
    LED_Init                                 0x0800115d   Thumb Code    66  led.o(i.LED_Init)
    LIght_Intensity                          0x080011a5   Thumb Code    32  bh1750.o(i.LIght_Intensity)
    MPU_Get_Accelerometer                    0x080011c9   Thumb Code    80  mpu6050.o(i.MPU_Get_Accelerometer)
    MPU_Get_Gyroscope                        0x08001219   Thumb Code    80  mpu6050.o(i.MPU_Get_Gyroscope)
    MPU_Get_Temperature                      0x08001269   Thumb Code    86  mpu6050.o(i.MPU_Get_Temperature)
    MPU_IIC_Ack                              0x080012d1   Thumb Code    62  mpuiic.o(i.MPU_IIC_Ack)
    MPU_IIC_Delay                            0x0800131d   Thumb Code    10  mpuiic.o(i.MPU_IIC_Delay)
    MPU_IIC_Init                             0x08001329   Thumb Code    46  mpuiic.o(i.MPU_IIC_Init)
    MPU_IIC_NAck                             0x0800135d   Thumb Code    62  mpuiic.o(i.MPU_IIC_NAck)
    MPU_IIC_Read_Byte                        0x080013a9   Thumb Code    94  mpuiic.o(i.MPU_IIC_Read_Byte)
    MPU_IIC_Send_Byte                        0x08001415   Thumb Code    80  mpuiic.o(i.MPU_IIC_Send_Byte)
    MPU_IIC_Start                            0x08001471   Thumb Code    60  mpuiic.o(i.MPU_IIC_Start)
    MPU_IIC_Stop                             0x080014b9   Thumb Code    58  mpuiic.o(i.MPU_IIC_Stop)
    MPU_IIC_Wait_Ack                         0x08001501   Thumb Code    86  mpuiic.o(i.MPU_IIC_Wait_Ack)
    MPU_Init                                 0x08001565   Thumb Code   126  mpu6050.o(i.MPU_Init)
    MPU_Read                                 0x080015e5   Thumb Code   102  main.o(i.MPU_Read)
    MPU_Read_Byte                            0x08001679   Thumb Code    58  mpu6050.o(i.MPU_Read_Byte)
    MPU_Read_Len                             0x080016b3   Thumb Code   116  mpu6050.o(i.MPU_Read_Len)
    MPU_Set_Accel_Fsr                        0x08001727   Thumb Code    16  mpu6050.o(i.MPU_Set_Accel_Fsr)
    MPU_Set_Gyro_Fsr                         0x08001737   Thumb Code    16  mpu6050.o(i.MPU_Set_Gyro_Fsr)
    MPU_Set_LPF                              0x08001747   Thumb Code    58  mpu6050.o(i.MPU_Set_LPF)
    MPU_Set_Rate                             0x08001781   Thumb Code    58  mpu6050.o(i.MPU_Set_Rate)
    MPU_Write_Byte                           0x080017bb   Thumb Code    68  mpu6050.o(i.MPU_Write_Byte)
    MPU_Write_Len                            0x080017ff   Thumb Code    96  mpu6050.o(i.MPU_Write_Len)
    MemManage_Handler                        0x0800185f   Thumb Code     4  stm32f10x_it.o(i.MemManage_Handler)
    NMI_Handler                              0x08001863   Thumb Code     2  stm32f10x_it.o(i.NMI_Handler)
    NVIC_Init                                0x08001865   Thumb Code   100  misc.o(i.NVIC_Init)
    NVIC_PriorityGroupConfig                 0x080018d5   Thumb Code    10  misc.o(i.NVIC_PriorityGroupConfig)
    PendSV_Handler                           0x080018e9   Thumb Code     2  stm32f10x_it.o(i.PendSV_Handler)
    RCC_APB1PeriphClockCmd                   0x080018ed   Thumb Code    26  stm32f10x_rcc.o(i.RCC_APB1PeriphClockCmd)
    RCC_APB2PeriphClockCmd                   0x0800190d   Thumb Code    26  stm32f10x_rcc.o(i.RCC_APB2PeriphClockCmd)
    RCC_GetClocksFreq                        0x0800192d   Thumb Code   192  stm32f10x_rcc.o(i.RCC_GetClocksFreq)
    SVC_Handler                              0x08001a01   Thumb Code     2  stm32f10x_it.o(i.SVC_Handler)
    SYN_FrameInfo                            0x08001a03   Thumb Code   110  syn.o(i.SYN_FrameInfo)
    SYS_Init                                 0x08001a71   Thumb Code   110  main.o(i.SYS_Init)
    SysTick_CLKSourceConfig                  0x08001bfd   Thumb Code    40  misc.o(i.SysTick_CLKSourceConfig)
    SysTick_Handler                          0x08001c25   Thumb Code     2  stm32f10x_it.o(i.SysTick_Handler)
    SystemInit                               0x08001c29   Thumb Code    78  system_stm32f10x.o(i.SystemInit)
    TIM_Cmd                                  0x08001c89   Thumb Code    24  stm32f10x_tim.o(i.TIM_Cmd)
    TIM_ITConfig                             0x08001ca1   Thumb Code    18  stm32f10x_tim.o(i.TIM_ITConfig)
    TIM_TimeBaseInit                         0x08001cb5   Thumb Code   122  stm32f10x_tim.o(i.TIM_TimeBaseInit)
    USART1_IRQHandler                        0x08001d59   Thumb Code    64  usart.o(i.USART1_IRQHandler)
    USART2_IRQHandler                        0x08001da1   Thumb Code    62  esp8266.o(i.USART2_IRQHandler)
    USART3_IRQHandler                        0x08001ded   Thumb Code    24  usart.o(i.USART3_IRQHandler)
    USART3_Init                              0x08001e09   Thumb Code   158  usart.o(i.USART3_Init)
    USART3_SendData                          0x08001eb1   Thumb Code    22  usart.o(i.USART3_SendData)
    USART3_SendString                        0x08001ecd   Thumb Code    28  usart.o(i.USART3_SendString)
    USART_ClearFlag                          0x08001ee9   Thumb Code    18  stm32f10x_usart.o(i.USART_ClearFlag)
    USART_ClearITPendingBit                  0x08001efb   Thumb Code    30  stm32f10x_usart.o(i.USART_ClearITPendingBit)
    USART_Cmd                                0x08001f19   Thumb Code    24  stm32f10x_usart.o(i.USART_Cmd)
    USART_GetFlagStatus                      0x08001f31   Thumb Code    26  stm32f10x_usart.o(i.USART_GetFlagStatus)
    USART_GetITStatus                        0x08001f4b   Thumb Code    84  stm32f10x_usart.o(i.USART_GetITStatus)
    USART_ITConfig                           0x08001f9f   Thumb Code    74  stm32f10x_usart.o(i.USART_ITConfig)
    USART_Init                               0x08001fe9   Thumb Code   210  stm32f10x_usart.o(i.USART_Init)
    USART_ReceiveData                        0x080020c1   Thumb Code    10  stm32f10x_usart.o(i.USART_ReceiveData)
    USART_SendData                           0x080020cb   Thumb Code     8  stm32f10x_usart.o(i.USART_SendData)
    UsageFault_Handler                       0x080020d3   Thumb Code     4  stm32f10x_it.o(i.UsageFault_Handler)
    Usart2_Init                              0x080020d9   Thumb Code   162  usart.o(i.Usart2_Init)
    Usart_SendString                         0x08002185   Thumb Code    50  usart.o(i.Usart_SendString)
    __0printf$8                              0x080021b9   Thumb Code    22  printf8.o(i.__0printf$8)
    __1printf$8                              0x080021b9   Thumb Code     0  printf8.o(i.__0printf$8)
    __2printf                                0x080021b9   Thumb Code     0  printf8.o(i.__0printf$8)
    __ARM_fpclassify                         0x080021d9   Thumb Code    40  fpclassify.o(i.__ARM_fpclassify)
    __kernel_poly                            0x08002201   Thumb Code   170  poly.o(i.__kernel_poly)
    __mathlib_dbl_infnan                     0x080022ab   Thumb Code     6  dunder.o(i.__mathlib_dbl_infnan)
    __mathlib_dbl_infnan2                    0x080022b1   Thumb Code     4  dunder.o(i.__mathlib_dbl_infnan2)
    __mathlib_dbl_invalid                    0x080022b5   Thumb Code    12  dunder.o(i.__mathlib_dbl_invalid)
    __mathlib_dbl_underflow                  0x080022c1   Thumb Code    10  dunder.o(i.__mathlib_dbl_underflow)
    __scatterload_copy                       0x080022d1   Thumb Code    14  handlers.o(i.__scatterload_copy)
    __scatterload_null                       0x080022df   Thumb Code     2  handlers.o(i.__scatterload_null)
    __scatterload_zeroinit                   0x080022e1   Thumb Code    14  handlers.o(i.__scatterload_zeroinit)
    __set_errno                              0x080022f1   Thumb Code     6  errno.o(i.__set_errno)
    asin                                     0x080027fd   Thumb Code   572  asin.o(i.asin)
    atan                                     0x08002a6d   Thumb Code   474  atan.o(i.atan)
    atan2                                    0x08002c8d   Thumb Code   374  atan2.o(i.atan2)
    buffer_Init                              0x08002e29   Thumb Code    54  mpuiic.o(i.buffer_Init)
    delay_init                               0x08002ec9   Thumb Code    50  delay.o(i.delay_init)
    delay_ms                                 0x08002f0d   Thumb Code    72  delay.o(i.delay_ms)
    delay_us                                 0x08002f59   Thumb Code    72  delay.o(i.delay_us)
    dmp_enable_6x_lp_quat                    0x08002fa5   Thumb Code    60  inv_mpu_dmp_motion_driver.o(i.dmp_enable_6x_lp_quat)
    dmp_enable_feature                       0x08002fe1   Thumb Code   530  inv_mpu_dmp_motion_driver.o(i.dmp_enable_feature)
    dmp_enable_gyro_cal                      0x080031fd   Thumb Code    62  inv_mpu_dmp_motion_driver.o(i.dmp_enable_gyro_cal)
    dmp_enable_lp_quat                       0x08003255   Thumb Code    60  inv_mpu_dmp_motion_driver.o(i.dmp_enable_lp_quat)
    dmp_load_motion_driver_firmware          0x08003291   Thumb Code    20  inv_mpu_dmp_motion_driver.o(i.dmp_load_motion_driver_firmware)
    dmp_read_fifo                            0x080032a9   Thumb Code   456  inv_mpu_dmp_motion_driver.o(i.dmp_read_fifo)
    dmp_set_accel_bias                       0x08003475   Thumb Code   300  inv_mpu_dmp_motion_driver.o(i.dmp_set_accel_bias)
    dmp_set_fifo_rate                        0x080035a5   Thumb Code    96  inv_mpu_dmp_motion_driver.o(i.dmp_set_fifo_rate)
    dmp_set_gyro_bias                        0x08003615   Thumb Code   294  inv_mpu_dmp_motion_driver.o(i.dmp_set_gyro_bias)
    dmp_set_orientation                      0x08003745   Thumb Code   290  inv_mpu_dmp_motion_driver.o(i.dmp_set_orientation)
    dmp_set_shake_reject_thresh              0x0800387d   Thumb Code    56  inv_mpu_dmp_motion_driver.o(i.dmp_set_shake_reject_thresh)
    dmp_set_shake_reject_time                0x080038b5   Thumb Code    38  inv_mpu_dmp_motion_driver.o(i.dmp_set_shake_reject_time)
    dmp_set_shake_reject_timeout             0x080038db   Thumb Code    38  inv_mpu_dmp_motion_driver.o(i.dmp_set_shake_reject_timeout)
    dmp_set_tap_axes                         0x08003901   Thumb Code    70  inv_mpu_dmp_motion_driver.o(i.dmp_set_tap_axes)
    dmp_set_tap_count                        0x08003947   Thumb Code    38  inv_mpu_dmp_motion_driver.o(i.dmp_set_tap_count)
    dmp_set_tap_thresh                       0x0800396d   Thumb Code   396  inv_mpu_dmp_motion_driver.o(i.dmp_set_tap_thresh)
    dmp_set_tap_time                         0x08003b0d   Thumb Code    38  inv_mpu_dmp_motion_driver.o(i.dmp_set_tap_time)
    dmp_set_tap_time_multi                   0x08003b33   Thumb Code    38  inv_mpu_dmp_motion_driver.o(i.dmp_set_tap_time_multi)
    dspub                                    0x08003b59   Thumb Code    38  main.o(i.dspub)
    fputc                                    0x08003b89   Thumb Code    32  mcu_config.o(i.fputc)
    i2c_Ack                                  0x080041dd   Thumb Code    44  bh1750.o(i.i2c_Ack)
    i2c_NAck                                 0x0800421d   Thumb Code    36  bh1750.o(i.i2c_NAck)
    i2c_ReadByte                             0x08004245   Thumb Code    62  bh1750.o(i.i2c_ReadByte)
    i2c_SendByte                             0x08004289   Thumb Code    80  bh1750.o(i.i2c_SendByte)
    i2c_Start                                0x080042dd   Thumb Code    42  bh1750.o(i.i2c_Start)
    i2c_Stop                                 0x0800430d   Thumb Code    28  bh1750.o(i.i2c_Stop)
    i2c_WaitAck                              0x0800432d   Thumb Code    56  bh1750.o(i.i2c_WaitAck)
    inv_orientation_matrix_to_scalar         0x08004369   Thumb Code    40  inv_mpu.o(i.inv_orientation_matrix_to_scalar)
    inv_row_2_scale                          0x08004391   Thumb Code    78  inv_mpu.o(i.inv_row_2_scale)
    light_ctrl                               0x080043e1   Thumb Code    42  main.o(i.light_ctrl)
    lightpub                                 0x08004415   Thumb Code    46  main.o(i.lightpub)
    main                                     0x0800444d   Thumb Code   168  main.o(i.main)
    mget_ms                                  0x08004501   Thumb Code     2  inv_mpu.o(i.mget_ms)
    mpu6050_ctrl                             0x08004505   Thumb Code    62  main.o(i.mpu6050_ctrl)
    mpu_configure_fifo                       0x08004551   Thumb Code   106  inv_mpu.o(i.mpu_configure_fifo)
    mpu_dmp_get_data                         0x080045c1   Thumb Code   544  inv_mpu.o(i.mpu_dmp_get_data)
    mpu_dmp_init                             0x080047e5   Thumb Code   154  inv_mpu.o(i.mpu_dmp_init)
    mpu_get_accel_fsr                        0x08004885   Thumb Code    72  inv_mpu.o(i.mpu_get_accel_fsr)
    mpu_get_accel_sens                       0x080048d1   Thumb Code    78  inv_mpu.o(i.mpu_get_accel_sens)
    mpu_get_fifo_config                      0x08004925   Thumb Code    12  inv_mpu.o(i.mpu_get_fifo_config)
    mpu_get_gyro_fsr                         0x08004935   Thumb Code    64  inv_mpu.o(i.mpu_get_gyro_fsr)
    mpu_get_gyro_sens                        0x08004979   Thumb Code    58  inv_mpu.o(i.mpu_get_gyro_sens)
    mpu_get_lpf                              0x080049c9   Thumb Code    74  inv_mpu.o(i.mpu_get_lpf)
    mpu_get_sample_rate                      0x08004a19   Thumb Code    26  inv_mpu.o(i.mpu_get_sample_rate)
    mpu_init                                 0x08004a39   Thumb Code   416  inv_mpu.o(i.mpu_init)
    mpu_load_firmware                        0x08004c29   Thumb Code   180  inv_mpu.o(i.mpu_load_firmware)
    mpu_lp_accel_mode                        0x08004ce1   Thumb Code   218  inv_mpu.o(i.mpu_lp_accel_mode)
    mpu_read_fifo_stream                     0x08004dc1   Thumb Code   186  inv_mpu.o(i.mpu_read_fifo_stream)
    mpu_read_mem                             0x08004e81   Thumb Code   122  inv_mpu.o(i.mpu_read_mem)
    mpu_reset_fifo                           0x08004f01   Thumb Code   450  inv_mpu.o(i.mpu_reset_fifo)
    mpu_run_self_test                        0x080050c9   Thumb Code   278  inv_mpu.o(i.mpu_run_self_test)
    mpu_set_accel_fsr                        0x080051e5   Thumb Code   126  inv_mpu.o(i.mpu_set_accel_fsr)
    mpu_set_bypass                           0x08005269   Thumb Code   328  inv_mpu.o(i.mpu_set_bypass)
    mpu_set_dmp_state                        0x080053b5   Thumb Code   138  inv_mpu.o(i.mpu_set_dmp_state)
    mpu_set_gyro_fsr                         0x08005445   Thumb Code   132  inv_mpu.o(i.mpu_set_gyro_fsr)
    mpu_set_int_latched                      0x080054cd   Thumb Code   102  inv_mpu.o(i.mpu_set_int_latched)
    mpu_set_lpf                              0x08005539   Thumb Code   126  inv_mpu.o(i.mpu_set_lpf)
    mpu_set_sample_rate                      0x080055bd   Thumb Code   152  inv_mpu.o(i.mpu_set_sample_rate)
    mpu_set_sensors                          0x08005659   Thumb Code   202  inv_mpu.o(i.mpu_set_sensors)
    mpu_write_mem                            0x08005729   Thumb Code   122  inv_mpu.o(i.mpu_write_mem)
    run_self_test                            0x080057a9   Thumb Code   152  inv_mpu.o(i.run_self_test)
    sqrt                                     0x080058d1   Thumb Code    76  sqrt.o(i.sqrt)
    sr04_ctrl                                0x0800591d   Thumb Code   558  main.o(i.sr04_ctrl)
    sr04_get_distance                        0x08005b69   Thumb Code   120  syn.o(i.sr04_get_distance)
    sr04_init                                0x08005bed   Thumb Code    66  syn.o(i.sr04_init)
    timer_init_config                        0x08005c35   Thumb Code    26  mcu_config.o(i.timer_init_config)
    timer_parameter_config                   0x08005c4f   Thumb Code    48  mcu_config.o(i.timer_parameter_config)
    tipsub                                   0x08005c81   Thumb Code    30  main.o(i.tipsub)
    uart_init                                0x08005cb1   Thumb Code   270  usart.o(i.uart_init)
    reg                                      0x08005dc8   Data          27  inv_mpu.o(.constdata)
    hw                                       0x08005de4   Data          12  inv_mpu.o(.constdata)
    test                                     0x08005df0   Data          40  inv_mpu.o(.constdata)
    __mathlib_zero                           0x08006af8   Data           8  qnan.o(.constdata)
    Region$$Table$$Base                      0x08006b50   Number         0  anon$$obj.o(Region$$Table)
    Region$$Table$$Limit                     0x08006b70   Number         0  anon$$obj.o(Region$$Table)
    pitch                                    0x20000000   Data           4  main.o(.data)
    roll                                     0x20000004   Data           4  main.o(.data)
    yaw                                      0x20000008   Data           4  main.o(.data)
    aacx                                     0x2000000c   Data           2  main.o(.data)
    aacy                                     0x2000000e   Data           2  main.o(.data)
    aacz                                     0x20000010   Data           2  main.o(.data)
    gyrox                                    0x20000012   Data           2  main.o(.data)
    gyroy                                    0x20000014   Data           2  main.o(.data)
    gyroz                                    0x20000016   Data           2  main.o(.data)
    temp                                     0x20000018   Data           2  main.o(.data)
    mpu6050                                  0x2000001a   Data           2  main.o(.data)
    buf1                                     0x2000001c   Data         200  main.o(.data)
    buf2                                     0x200000e4   Data         200  main.o(.data)
    buf3                                     0x200001ac   Data         200  main.o(.data)
    buf4                                     0x20000274   Data         200  main.o(.data)
    buf6                                     0x2000033c   Data         200  main.o(.data)
    MQTTDATA1                                0x20000404   Data         100  main.o(.data)
    MQTTDATA2                                0x20000468   Data         100  main.o(.data)
    MQTTDATA3                                0x200004cc   Data         100  main.o(.data)
    MQTTDATA4                                0x20000530   Data         100  main.o(.data)
    ds                                       0x20000594   Data           1  main.o(.data)
    i                                        0x20000598   Data           4  main.o(.data)
    j                                        0x2000059c   Data           4  main.o(.data)
    k                                        0x200005a0   Data           4  main.o(.data)
    Light                                    0x200005a4   Data           4  main.o(.data)
    tip_flag                                 0x200005a8   Data           4  main.o(.data)
    down                                     0x200005ac   Data           4  main.o(.data)
    SystemCoreClock                          0x200005b0   Data           4  system_stm32f10x.o(.data)
    AHBPrescTable                            0x200005b4   Data          16  system_stm32f10x.o(.data)
    __stdout                                 0x20000600   Data           4  usart.o(.data)
    USART3_RX_STA                            0x20000604   Data           2  usart.o(.data)
    USART_RX_STA                             0x20000606   Data           2  usart.o(.data)
    sta                                      0x20000608   Data           1  usart.o(.data)
    d                                        0x20000609   Data           1  syn.o(.data)
    voice1                                   0x2000060a   Data         100  esp8266.o(.data)
    esp8266_cnt                              0x2000066e   Data           2  esp8266.o(.data)
    esp8266_cntPre                           0x20000670   Data           2  esp8266.o(.data)
    esp8266_buf                              0x2000069c   Data         128  esp8266.o(.bss)
    __initial_sp                             0x20000b20   Data           0  startup_stm32f10x_md.o(STACK)



==============================================================================

Memory Map of the image

  Image Entry point : 0x08000105

  Load Region LR_1 (Base: 0x08000000, Size: 0x000071fc, Max: 0xffffffff, ABSOLUTE, COMPRESSED[0x00006c60])

    Execution Region ER_RO (Exec base: 0x08000000, Load base: 0x08000000, Size: 0x00006b70, Max: 0xffffffff, ABSOLUTE)

    Exec Addr    Load Addr    Size         Type   Attr      Idx    E Section Name        Object

    0x08000000   0x08000000   0x000000ec   Data   RO         1443    RESET               startup_stm32f10x_md.o
    0x080000ec   0x080000ec   0x00000000   Code   RO         2622  * .ARM.Collect$$$$00000000  mc_w.l(entry.o)
    0x080000ec   0x080000ec   0x00000004   Code   RO         2981    .ARM.Collect$$$$00000001  mc_w.l(entry2.o)
    0x080000f0   0x080000f0   0x00000004   Code   RO         2984    .ARM.Collect$$$$00000004  mc_w.l(entry5.o)
    0x080000f4   0x080000f4   0x00000000   Code   RO         2986    .ARM.Collect$$$$00000008  mc_w.l(entry7b.o)
    0x080000f4   0x080000f4   0x00000000   Code   RO         2988    .ARM.Collect$$$$0000000A  mc_w.l(entry8b.o)
    0x080000f4   0x080000f4   0x00000008   Code   RO         2989    .ARM.Collect$$$$0000000B  mc_w.l(entry9a.o)
    0x080000fc   0x080000fc   0x00000004   Code   RO         2996    .ARM.Collect$$$$0000000E  mc_w.l(entry12b.o)
    0x08000100   0x08000100   0x00000000   Code   RO         2991    .ARM.Collect$$$$0000000F  mc_w.l(entry10a.o)
    0x08000100   0x08000100   0x00000000   Code   RO         2993    .ARM.Collect$$$$00000011  mc_w.l(entry11a.o)
    0x08000100   0x08000100   0x00000004   Code   RO         2982    .ARM.Collect$$$$00002712  mc_w.l(entry2.o)
    0x08000104   0x08000104   0x00000024   Code   RO         1444  * .text               startup_stm32f10x_md.o
    0x08000128   0x08000128   0x00000062   Code   RO         2625    .text               mc_w.l(ldiv.o)
    0x0800018a   0x0800018a   0x00000024   Code   RO         2627    .text               mc_w.l(memcpya.o)
    0x080001ae   0x080001ae   0x00000024   Code   RO         2629    .text               mc_w.l(memseta.o)
    0x080001d2   0x080001d2   0x00000024   Code   RO         2631    .text               mc_w.l(strstr.o)
    0x080001f6   0x080001f6   0x0000000e   Code   RO         2635    .text               mc_w.l(strlen.o)
    0x08000204   0x08000204   0x0000001a   Code   RO         2637    .text               mc_w.l(memcmp.o)
    0x0800021e   0x0800021e   0x000000b0   Code   RO         2908    .text               mf_w.l(fadd.o)
    0x080002ce   0x080002ce   0x00000064   Code   RO         2910    .text               mf_w.l(fmul.o)
    0x08000332   0x08000332   0x0000007c   Code   RO         2912    .text               mf_w.l(fdiv.o)
    0x080003ae   0x080003ae   0x0000014e   Code   RO         2914    .text               mf_w.l(dadd.o)
    0x080004fc   0x080004fc   0x000000e4   Code   RO         2916    .text               mf_w.l(dmul.o)
    0x080005e0   0x080005e0   0x000000de   Code   RO         2918    .text               mf_w.l(ddiv.o)
    0x080006be   0x080006be   0x00000012   Code   RO         2920    .text               mf_w.l(fflti.o)
    0x080006d0   0x080006d0   0x0000000a   Code   RO         2922    .text               mf_w.l(ffltui.o)
    0x080006da   0x080006da   0x00000022   Code   RO         2924    .text               mf_w.l(dflti.o)
    0x080006fc   0x080006fc   0x0000001a   Code   RO         2926    .text               mf_w.l(dfltui.o)
    0x08000716   0x08000716   0x00000032   Code   RO         2928    .text               mf_w.l(ffixi.o)
    0x08000748   0x08000748   0x00000028   Code   RO         2930    .text               mf_w.l(ffixui.o)
    0x08000770   0x08000770   0x00000032   Code   RO         2932    .text               mf_w.l(dfixui.o)
    0x080007a2   0x080007a2   0x00000026   Code   RO         2934    .text               mf_w.l(f2d.o)
    0x080007c8   0x080007c8   0x00000030   Code   RO         2936    .text               mf_w.l(cdcmple.o)
    0x080007f8   0x080007f8   0x00000038   Code   RO         2938    .text               mf_w.l(d2f.o)
    0x08000830   0x08000830   0x00000014   Code   RO         2940    .text               mf_w.l(cfcmple.o)
    0x08000844   0x08000844   0x00000014   Code   RO         2942    .text               mf_w.l(cfrcmple.o)
    0x08000858   0x08000858   0x00000062   Code   RO         2999    .text               mc_w.l(uldiv.o)
    0x080008ba   0x080008ba   0x0000001e   Code   RO         3001    .text               mc_w.l(llshl.o)
    0x080008d8   0x080008d8   0x00000020   Code   RO         3003    .text               mc_w.l(llushr.o)
    0x080008f8   0x080008f8   0x00000024   Code   RO         3005    .text               mc_w.l(llsshr.o)
    0x0800091c   0x0800091c   0x00000000   Code   RO         3014    .text               mc_w.l(iusefp.o)
    0x0800091c   0x0800091c   0x0000006e   Code   RO         3015    .text               mf_w.l(fepilogue.o)
    0x0800098a   0x0800098a   0x000000ba   Code   RO         3017    .text               mf_w.l(depilogue.o)
    0x08000a44   0x08000a44   0x0000002e   Code   RO         3019    .text               mf_w.l(dscalb.o)
    0x08000a72   0x08000a72   0x00000002   PAD
    0x08000a74   0x08000a74   0x00000024   Code   RO         3025    .text               mc_w.l(init.o)
    0x08000a98   0x08000a98   0x000000a2   Code   RO         3027    .text               mf_w.l(dsqrt.o)
    0x08000b3a   0x08000b3a   0x00000056   Code   RO         3037    .text               mc_w.l(__dczerorl2.o)
    0x08000b90   0x08000b90   0x00000032   Code   RO         1231    i.BH1750_Byte_Write  bh1750.o
    0x08000bc2   0x08000bc2   0x00000012   Code   RO         1232    i.BH1750_Init       bh1750.o
    0x08000bd4   0x08000bd4   0x0000000a   Code   RO         1234    i.BH1750_Power_ON   bh1750.o
    0x08000bde   0x08000bde   0x0000003a   Code   RO         1236    i.BH1750_Read_Measure  bh1750.o
    0x08000c18   0x08000c18   0x00000004   Code   RO          210    i.BusFault_Handler  stm32f10x_it.o
    0x08000c1c   0x08000c1c   0x000000d4   Code   RO            1    i.DATA_Report       main.o
    0x08000cf0   0x08000cf0   0x00000002   Code   RO          211    i.DebugMon_Handler  stm32f10x_it.o
    0x08000cf2   0x08000cf2   0x00000002   PAD
    0x08000cf4   0x08000cf4   0x0000001c   Code   RO         1179    i.ESP8266_Clear     esp8266.o
    0x08000d10   0x08000d10   0x00000218   Code   RO         1181    i.ESP8266_Init      esp8266.o
    0x08000f28   0x08000f28   0x00000090   Code   RO         1182    i.ESP8266_SendCmd   esp8266.o
    0x08000fb8   0x08000fb8   0x00000034   Code   RO         1184    i.ESP8266_WaitRecive  esp8266.o
    0x08000fec   0x08000fec   0x00000116   Code   RO         1490    i.GPIO_Init         stm32f10x_gpio.o
    0x08001102   0x08001102   0x00000012   Code   RO         1494    i.GPIO_ReadInputDataBit  stm32f10x_gpio.o
    0x08001114   0x08001114   0x00000004   Code   RO         1497    i.GPIO_ResetBits    stm32f10x_gpio.o
    0x08001118   0x08001118   0x00000004   Code   RO         1498    i.GPIO_SetBits      stm32f10x_gpio.o
    0x0800111c   0x0800111c   0x0000000a   Code   RO         1501    i.GPIO_WriteBit     stm32f10x_gpio.o
    0x08001126   0x08001126   0x00000004   Code   RO          212    i.HardFault_Handler  stm32f10x_it.o
    0x0800112a   0x0800112a   0x00000002   PAD
    0x0800112c   0x0800112c   0x00000030   Code   RO         1237    i.I2C_BH1750_GPIOConfig  bh1750.o
    0x0800115c   0x0800115c   0x00000048   Code   RO          307    i.LED_Init          led.o
    0x080011a4   0x080011a4   0x00000024   Code   RO         1238    i.LIght_Intensity   bh1750.o
    0x080011c8   0x080011c8   0x00000050   Code   RO          345    i.MPU_Get_Accelerometer  mpu6050.o
    0x08001218   0x08001218   0x00000050   Code   RO          346    i.MPU_Get_Gyroscope  mpu6050.o
    0x08001268   0x08001268   0x00000068   Code   RO          347    i.MPU_Get_Temperature  mpu6050.o
    0x080012d0   0x080012d0   0x0000004c   Code   RO          427    i.MPU_IIC_Ack       mpuiic.o
    0x0800131c   0x0800131c   0x0000000a   Code   RO          428    i.MPU_IIC_Delay     mpuiic.o
    0x08001326   0x08001326   0x00000002   PAD
    0x08001328   0x08001328   0x00000034   Code   RO          429    i.MPU_IIC_Init      mpuiic.o
    0x0800135c   0x0800135c   0x0000004c   Code   RO          430    i.MPU_IIC_NAck      mpuiic.o
    0x080013a8   0x080013a8   0x0000006c   Code   RO          431    i.MPU_IIC_Read_Byte  mpuiic.o
    0x08001414   0x08001414   0x0000005c   Code   RO          432    i.MPU_IIC_Send_Byte  mpuiic.o
    0x08001470   0x08001470   0x00000048   Code   RO          433    i.MPU_IIC_Start     mpuiic.o
    0x080014b8   0x080014b8   0x00000048   Code   RO          434    i.MPU_IIC_Stop      mpuiic.o
    0x08001500   0x08001500   0x00000064   Code   RO          435    i.MPU_IIC_Wait_Ack  mpuiic.o
    0x08001564   0x08001564   0x0000007e   Code   RO          348    i.MPU_Init          mpu6050.o
    0x080015e2   0x080015e2   0x00000002   PAD
    0x080015e4   0x080015e4   0x00000094   Code   RO            2    i.MPU_Read          main.o
    0x08001678   0x08001678   0x0000003a   Code   RO          349    i.MPU_Read_Byte     mpu6050.o
    0x080016b2   0x080016b2   0x00000074   Code   RO          350    i.MPU_Read_Len      mpu6050.o
    0x08001726   0x08001726   0x00000010   Code   RO          351    i.MPU_Set_Accel_Fsr  mpu6050.o
    0x08001736   0x08001736   0x00000010   Code   RO          352    i.MPU_Set_Gyro_Fsr  mpu6050.o
    0x08001746   0x08001746   0x0000003a   Code   RO          353    i.MPU_Set_LPF       mpu6050.o
    0x08001780   0x08001780   0x0000003a   Code   RO          354    i.MPU_Set_Rate      mpu6050.o
    0x080017ba   0x080017ba   0x00000044   Code   RO          355    i.MPU_Write_Byte    mpu6050.o
    0x080017fe   0x080017fe   0x00000060   Code   RO          356    i.MPU_Write_Len     mpu6050.o
    0x0800185e   0x0800185e   0x00000004   Code   RO          213    i.MemManage_Handler  stm32f10x_it.o
    0x08001862   0x08001862   0x00000002   Code   RO          214    i.NMI_Handler       stm32f10x_it.o
    0x08001864   0x08001864   0x00000070   Code   RO         1448    i.NVIC_Init         misc.o
    0x080018d4   0x080018d4   0x00000014   Code   RO         1449    i.NVIC_PriorityGroupConfig  misc.o
    0x080018e8   0x080018e8   0x00000002   Code   RO          215    i.PendSV_Handler    stm32f10x_it.o
    0x080018ea   0x080018ea   0x00000002   PAD
    0x080018ec   0x080018ec   0x00000020   Code   RO         1624    i.RCC_APB1PeriphClockCmd  stm32f10x_rcc.o
    0x0800190c   0x0800190c   0x00000020   Code   RO         1626    i.RCC_APB2PeriphClockCmd  stm32f10x_rcc.o
    0x0800192c   0x0800192c   0x000000d4   Code   RO         1634    i.RCC_GetClocksFreq  stm32f10x_rcc.o
    0x08001a00   0x08001a00   0x00000002   Code   RO          216    i.SVC_Handler       stm32f10x_it.o
    0x08001a02   0x08001a02   0x0000006e   Code   RO         1146    i.SYN_FrameInfo     syn.o
    0x08001a70   0x08001a70   0x000000a4   Code   RO            3    i.SYS_Init          main.o
    0x08001b14   0x08001b14   0x00000008   Code   RO          273    i.SetSysClock       system_stm32f10x.o
    0x08001b1c   0x08001b1c   0x000000e0   Code   RO          274    i.SetSysClockTo72   system_stm32f10x.o
    0x08001bfc   0x08001bfc   0x00000028   Code   RO         1452    i.SysTick_CLKSourceConfig  misc.o
    0x08001c24   0x08001c24   0x00000002   Code   RO          217    i.SysTick_Handler   stm32f10x_it.o
    0x08001c26   0x08001c26   0x00000002   PAD
    0x08001c28   0x08001c28   0x00000060   Code   RO          276    i.SystemInit        system_stm32f10x.o
    0x08001c88   0x08001c88   0x00000018   Code   RO         2072    i.TIM_Cmd           stm32f10x_tim.o
    0x08001ca0   0x08001ca0   0x00000012   Code   RO         2097    i.TIM_ITConfig      stm32f10x_tim.o
    0x08001cb2   0x08001cb2   0x00000002   PAD
    0x08001cb4   0x08001cb4   0x000000a4   Code   RO         2143    i.TIM_TimeBaseInit  stm32f10x_tim.o
    0x08001d58   0x08001d58   0x00000048   Code   RO         1070    i.USART1_IRQHandler  usart.o
    0x08001da0   0x08001da0   0x0000004c   Code   RO         1185    i.USART2_IRQHandler  esp8266.o
    0x08001dec   0x08001dec   0x0000001c   Code   RO         1071    i.USART3_IRQHandler  usart.o
    0x08001e08   0x08001e08   0x000000a8   Code   RO         1072    i.USART3_Init       usart.o
    0x08001eb0   0x08001eb0   0x0000001c   Code   RO         1073    i.USART3_SendData   usart.o
    0x08001ecc   0x08001ecc   0x0000001c   Code   RO         1074    i.USART3_SendString  usart.o
    0x08001ee8   0x08001ee8   0x00000012   Code   RO         1822    i.USART_ClearFlag   stm32f10x_usart.o
    0x08001efa   0x08001efa   0x0000001e   Code   RO         1823    i.USART_ClearITPendingBit  stm32f10x_usart.o
    0x08001f18   0x08001f18   0x00000018   Code   RO         1826    i.USART_Cmd         stm32f10x_usart.o
    0x08001f30   0x08001f30   0x0000001a   Code   RO         1829    i.USART_GetFlagStatus  stm32f10x_usart.o
    0x08001f4a   0x08001f4a   0x00000054   Code   RO         1830    i.USART_GetITStatus  stm32f10x_usart.o
    0x08001f9e   0x08001f9e   0x0000004a   Code   RO         1832    i.USART_ITConfig    stm32f10x_usart.o
    0x08001fe8   0x08001fe8   0x000000d8   Code   RO         1833    i.USART_Init        stm32f10x_usart.o
    0x080020c0   0x080020c0   0x0000000a   Code   RO         1840    i.USART_ReceiveData  stm32f10x_usart.o
    0x080020ca   0x080020ca   0x00000008   Code   RO         1843    i.USART_SendData    stm32f10x_usart.o
    0x080020d2   0x080020d2   0x00000004   Code   RO          218    i.UsageFault_Handler  stm32f10x_it.o
    0x080020d6   0x080020d6   0x00000002   PAD
    0x080020d8   0x080020d8   0x000000ac   Code   RO         1075    i.Usart2_Init       usart.o
    0x08002184   0x08002184   0x00000032   Code   RO         1076    i.Usart_SendString  usart.o
    0x080021b6   0x080021b6   0x00000002   PAD
    0x080021b8   0x080021b8   0x00000020   Code   RO         2854    i.__0printf$8       mc_w.l(printf8.o)
    0x080021d8   0x080021d8   0x00000028   Code   RO         2968    i.__ARM_fpclassify  m_ws.l(fpclassify.o)
    0x08002200   0x08002200   0x000000aa   Code   RO         2970    i.__kernel_poly     m_ws.l(poly.o)
    0x080022aa   0x080022aa   0x00000006   Code   RO         2955    i.__mathlib_dbl_infnan  m_ws.l(dunder.o)
    0x080022b0   0x080022b0   0x00000004   Code   RO         2956    i.__mathlib_dbl_infnan2  m_ws.l(dunder.o)
    0x080022b4   0x080022b4   0x0000000c   Code   RO         2957    i.__mathlib_dbl_invalid  m_ws.l(dunder.o)
    0x080022c0   0x080022c0   0x00000010   Code   RO         2960    i.__mathlib_dbl_underflow  m_ws.l(dunder.o)
    0x080022d0   0x080022d0   0x0000000e   Code   RO         3031    i.__scatterload_copy  mc_w.l(handlers.o)
    0x080022de   0x080022de   0x00000002   Code   RO         3032    i.__scatterload_null  mc_w.l(handlers.o)
    0x080022e0   0x080022e0   0x0000000e   Code   RO         3033    i.__scatterload_zeroinit  mc_w.l(handlers.o)
    0x080022ee   0x080022ee   0x00000002   PAD
    0x080022f0   0x080022f0   0x0000000c   Code   RO         3009    i.__set_errno       mc_w.l(errno.o)
    0x080022fc   0x080022fc   0x00000404   Code   RO         2861    i._printf_core      mc_w.l(printf8.o)
    0x08002700   0x08002700   0x00000024   Code   RO         2862    i._printf_post_padding  mc_w.l(printf8.o)
    0x08002724   0x08002724   0x0000002e   Code   RO         2863    i._printf_pre_padding  mc_w.l(printf8.o)
    0x08002752   0x08002752   0x00000002   PAD
    0x08002754   0x08002754   0x000000a8   Code   RO          493    i.accel_self_test   inv_mpu.o
    0x080027fc   0x080027fc   0x00000270   Code   RO         2605    i.asin              m_ws.l(asin.o)
    0x08002a6c   0x08002a6c   0x00000220   Code   RO         2945    i.atan              m_ws.l(atan.o)
    0x08002c8c   0x08002c8c   0x0000019c   Code   RO         2615    i.atan2             m_ws.l(atan2.o)
    0x08002e28   0x08002e28   0x0000003c   Code   RO          436    i.buffer_Init       mpuiic.o
    0x08002e64   0x08002e64   0x00000064   Code   RO          818    i.decode_gesture    inv_mpu_dmp_motion_driver.o
    0x08002ec8   0x08002ec8   0x00000044   Code   RO         1004    i.delay_init        delay.o
    0x08002f0c   0x08002f0c   0x0000004c   Code   RO         1005    i.delay_ms          delay.o
    0x08002f58   0x08002f58   0x0000004c   Code   RO         1006    i.delay_us          delay.o
    0x08002fa4   0x08002fa4   0x0000003c   Code   RO          819    i.dmp_enable_6x_lp_quat  inv_mpu_dmp_motion_driver.o
    0x08002fe0   0x08002fe0   0x0000021c   Code   RO          820    i.dmp_enable_feature  inv_mpu_dmp_motion_driver.o
    0x080031fc   0x080031fc   0x00000058   Code   RO          821    i.dmp_enable_gyro_cal  inv_mpu_dmp_motion_driver.o
    0x08003254   0x08003254   0x0000003c   Code   RO          822    i.dmp_enable_lp_quat  inv_mpu_dmp_motion_driver.o
    0x08003290   0x08003290   0x00000018   Code   RO          827    i.dmp_load_motion_driver_firmware  inv_mpu_dmp_motion_driver.o
    0x080032a8   0x080032a8   0x000001cc   Code   RO          828    i.dmp_read_fifo     inv_mpu_dmp_motion_driver.o
    0x08003474   0x08003474   0x00000130   Code   RO          831    i.dmp_set_accel_bias  inv_mpu_dmp_motion_driver.o
    0x080035a4   0x080035a4   0x00000070   Code   RO          832    i.dmp_set_fifo_rate  inv_mpu_dmp_motion_driver.o
    0x08003614   0x08003614   0x00000130   Code   RO          833    i.dmp_set_gyro_bias  inv_mpu_dmp_motion_driver.o
    0x08003744   0x08003744   0x00000138   Code   RO          835    i.dmp_set_orientation  inv_mpu_dmp_motion_driver.o
    0x0800387c   0x0800387c   0x00000038   Code   RO          838    i.dmp_set_shake_reject_thresh  inv_mpu_dmp_motion_driver.o
    0x080038b4   0x080038b4   0x00000026   Code   RO          839    i.dmp_set_shake_reject_time  inv_mpu_dmp_motion_driver.o
    0x080038da   0x080038da   0x00000026   Code   RO          840    i.dmp_set_shake_reject_timeout  inv_mpu_dmp_motion_driver.o
    0x08003900   0x08003900   0x00000046   Code   RO          841    i.dmp_set_tap_axes  inv_mpu_dmp_motion_driver.o
    0x08003946   0x08003946   0x00000026   Code   RO          842    i.dmp_set_tap_count  inv_mpu_dmp_motion_driver.o
    0x0800396c   0x0800396c   0x000001a0   Code   RO          843    i.dmp_set_tap_thresh  inv_mpu_dmp_motion_driver.o
    0x08003b0c   0x08003b0c   0x00000026   Code   RO          844    i.dmp_set_tap_time  inv_mpu_dmp_motion_driver.o
    0x08003b32   0x08003b32   0x00000026   Code   RO          845    i.dmp_set_tap_time_multi  inv_mpu_dmp_motion_driver.o
    0x08003b58   0x08003b58   0x00000030   Code   RO            4    i.dspub             main.o
    0x08003b88   0x08003b88   0x00000024   Code   RO         1339    i.fputc             mcu_config.o
    0x08003bac   0x08003bac   0x000000b4   Code   RO          494    i.get_accel_prod_shift  inv_mpu.o
    0x08003c60   0x08003c60   0x0000046c   Code   RO          495    i.get_st_biases     inv_mpu.o
    0x080040cc   0x080040cc   0x00000110   Code   RO          496    i.gyro_self_test    inv_mpu.o
    0x080041dc   0x080041dc   0x00000030   Code   RO         1239    i.i2c_Ack           bh1750.o
    0x0800420c   0x0800420c   0x0000000e   Code   RO         1241    i.i2c_Delay         bh1750.o
    0x0800421a   0x0800421a   0x00000002   PAD
    0x0800421c   0x0800421c   0x00000028   Code   RO         1242    i.i2c_NAck          bh1750.o
    0x08004244   0x08004244   0x00000044   Code   RO         1243    i.i2c_ReadByte      bh1750.o
    0x08004288   0x08004288   0x00000054   Code   RO         1244    i.i2c_SendByte      bh1750.o
    0x080042dc   0x080042dc   0x00000030   Code   RO         1245    i.i2c_Start         bh1750.o
    0x0800430c   0x0800430c   0x00000020   Code   RO         1246    i.i2c_Stop          bh1750.o
    0x0800432c   0x0800432c   0x0000003c   Code   RO         1247    i.i2c_WaitAck       bh1750.o
    0x08004368   0x08004368   0x00000028   Code   RO          497    i.inv_orientation_matrix_to_scalar  inv_mpu.o
    0x08004390   0x08004390   0x0000004e   Code   RO          498    i.inv_row_2_scale   inv_mpu.o
    0x080043de   0x080043de   0x00000002   PAD
    0x080043e0   0x080043e0   0x00000034   Code   RO            5    i.light_ctrl        main.o
    0x08004414   0x08004414   0x00000038   Code   RO            6    i.lightpub          main.o
    0x0800444c   0x0800444c   0x000000b4   Code   RO            7    i.main              main.o
    0x08004500   0x08004500   0x00000002   Code   RO          499    i.mget_ms           inv_mpu.o
    0x08004502   0x08004502   0x00000002   PAD
    0x08004504   0x08004504   0x0000004c   Code   RO            8    i.mpu6050_ctrl      main.o
    0x08004550   0x08004550   0x00000070   Code   RO          500    i.mpu_configure_fifo  inv_mpu.o
    0x080045c0   0x080045c0   0x00000224   Code   RO          501    i.mpu_dmp_get_data  inv_mpu.o
    0x080047e4   0x080047e4   0x000000a0   Code   RO          502    i.mpu_dmp_init      inv_mpu.o
    0x08004884   0x08004884   0x0000004c   Code   RO          503    i.mpu_get_accel_fsr  inv_mpu.o
    0x080048d0   0x080048d0   0x00000054   Code   RO          505    i.mpu_get_accel_sens  inv_mpu.o
    0x08004924   0x08004924   0x00000010   Code   RO          510    i.mpu_get_fifo_config  inv_mpu.o
    0x08004934   0x08004934   0x00000044   Code   RO          511    i.mpu_get_gyro_fsr  inv_mpu.o
    0x08004978   0x08004978   0x00000050   Code   RO          513    i.mpu_get_gyro_sens  inv_mpu.o
    0x080049c8   0x080049c8   0x00000050   Code   RO          515    i.mpu_get_lpf       inv_mpu.o
    0x08004a18   0x08004a18   0x00000020   Code   RO          517    i.mpu_get_sample_rate  inv_mpu.o
    0x08004a38   0x08004a38   0x000001f0   Code   RO          519    i.mpu_init          inv_mpu.o
    0x08004c28   0x08004c28   0x000000b8   Code   RO          520    i.mpu_load_firmware  inv_mpu.o
    0x08004ce0   0x08004ce0   0x000000e0   Code   RO          521    i.mpu_lp_accel_mode  inv_mpu.o
    0x08004dc0   0x08004dc0   0x000000c0   Code   RO          524    i.mpu_read_fifo_stream  inv_mpu.o
    0x08004e80   0x08004e80   0x00000080   Code   RO          525    i.mpu_read_mem      inv_mpu.o
    0x08004f00   0x08004f00   0x000001c8   Code   RO          528    i.mpu_reset_fifo    inv_mpu.o
    0x080050c8   0x080050c8   0x0000011c   Code   RO          529    i.mpu_run_self_test  inv_mpu.o
    0x080051e4   0x080051e4   0x00000084   Code   RO          531    i.mpu_set_accel_fsr  inv_mpu.o
    0x08005268   0x08005268   0x0000014c   Code   RO          532    i.mpu_set_bypass    inv_mpu.o
    0x080053b4   0x080053b4   0x00000090   Code   RO          534    i.mpu_set_dmp_state  inv_mpu.o
    0x08005444   0x08005444   0x00000088   Code   RO          535    i.mpu_set_gyro_fsr  inv_mpu.o
    0x080054cc   0x080054cc   0x0000006c   Code   RO          536    i.mpu_set_int_latched  inv_mpu.o
    0x08005538   0x08005538   0x00000084   Code   RO          538    i.mpu_set_lpf       inv_mpu.o
    0x080055bc   0x080055bc   0x0000009c   Code   RO          539    i.mpu_set_sample_rate  inv_mpu.o
    0x08005658   0x08005658   0x000000d0   Code   RO          540    i.mpu_set_sensors   inv_mpu.o
    0x08005728   0x08005728   0x00000080   Code   RO          541    i.mpu_write_mem     inv_mpu.o
    0x080057a8   0x080057a8   0x00000098   Code   RO          542    i.run_self_test     inv_mpu.o
    0x08005840   0x08005840   0x00000090   Code   RO          543    i.set_int_enable    inv_mpu.o
    0x080058d0   0x080058d0   0x0000004c   Code   RO         2974    i.sqrt              m_ws.l(sqrt.o)
    0x0800591c   0x0800591c   0x0000024c   Code   RO            9    i.sr04_ctrl         main.o
    0x08005b68   0x08005b68   0x00000084   Code   RO         1148    i.sr04_get_distance  syn.o
    0x08005bec   0x08005bec   0x00000048   Code   RO         1149    i.sr04_init         syn.o
    0x08005c34   0x08005c34   0x0000001a   Code   RO         1346    i.timer_init_config  mcu_config.o
    0x08005c4e   0x08005c4e   0x00000030   Code   RO         1347    i.timer_parameter_config  mcu_config.o
    0x08005c7e   0x08005c7e   0x00000002   PAD
    0x08005c80   0x08005c80   0x00000030   Code   RO           10    i.tipsub            main.o
    0x08005cb0   0x08005cb0   0x00000118   Code   RO         1078    i.uart_init         usart.o
    0x08005dc8   0x08005dc8   0x00000050   Data   RO          545    .constdata          inv_mpu.o
    0x08005e18   0x08005e18   0x00000bf6   Data   RO          847    .constdata          inv_mpu_dmp_motion_driver.o
    0x08006a0e   0x08006a0e   0x00000002   PAD
    0x08006a10   0x08006a10   0x00000050   Data   RO         2606    .constdata          m_ws.l(asin.o)
    0x08006a60   0x08006a60   0x00000098   Data   RO         2946    .constdata          m_ws.l(atan.o)
    0x08006af8   0x08006af8   0x00000008   Data   RO         2972    .constdata          m_ws.l(qnan.o)
    0x08006b00   0x08006b00   0x0000004d   Data   RO          546    .conststring        inv_mpu.o
    0x08006b4d   0x08006b4d   0x00000003   PAD
    0x08006b50   0x08006b50   0x00000020   Data   RO         3029    Region$$Table       anon$$obj.o


    Execution Region ER_RW (Exec base: 0x20000000, Load base: 0x08006b70, Size: 0x0000068c, Max: 0xffffffff, ABSOLUTE, COMPRESSED[0x000000f0])

    Exec Addr    Load Addr    Size         Type   Attr      Idx    E Section Name        Object

    0x20000000   COMPRESSED   0x000005b0   Data   RW           12    .data               main.o
    0x200005b0   COMPRESSED   0x00000014   Data   RW          277    .data               system_stm32f10x.o
    0x200005c4   COMPRESSED   0x00000035   Data   RW          547    .data               inv_mpu.o
    0x200005f9   COMPRESSED   0x00000001   PAD
    0x200005fa   COMPRESSED   0x00000004   Data   RW         1007    .data               delay.o
    0x200005fe   COMPRESSED   0x00000002   PAD
    0x20000600   COMPRESSED   0x00000009   Data   RW         1080    .data               usart.o
    0x20000609   COMPRESSED   0x00000001   Data   RW         1150    .data               syn.o
    0x2000060a   COMPRESSED   0x00000068   Data   RW         1187    .data               esp8266.o
    0x20000672   COMPRESSED   0x00000014   Data   RW         1654    .data               stm32f10x_rcc.o
    0x20000686   COMPRESSED   0x00000002   PAD
    0x20000688   COMPRESSED   0x00000004   Data   RW         3010    .data               mc_w.l(errno.o)


    Execution Region ER_ZI (Exec base: 0x2000068c, Load base: 0x08006c60, Size: 0x00000494, Max: 0xffffffff, ABSOLUTE)

    Exec Addr    Load Addr    Size         Type   Attr      Idx    E Section Name        Object

    0x2000068c        -       0x00000010   Zero   RW          846    .bss                inv_mpu_dmp_motion_driver.o
    0x2000069c        -       0x00000080   Zero   RW         1186    .bss                esp8266.o
    0x2000071c   0x08006c60   0x00000004   PAD
    0x20000720        -       0x00000400   Zero   RW         1441    STACK               startup_stm32f10x_md.o


==============================================================================

Image component sizes


      Code (inc. data)   RO Data    RW Data    ZI Data      Debug   Object Name

       614         42          0          0          0       7532   bh1750.o
       220         26          0          4          0       1851   delay.o
       836        308          0        104        128       4406   esp8266.o
      6864        288        157         53          0      32444   inv_mpu.o
      3096        122       3062          0         16      21474   inv_mpu_dmp_motion_driver.o
        72          6          0          0          0     203967   led.o
      1572        234          0       1456          0     258806   main.o
       110          4          0          0          0       1693   mcu_config.o
       172         22          0          0          0       2185   misc.o
       876         18          0          0          0       8657   mpu6050.o
       718        106          0          0          0       5676   mpuiic.o
        36          8        236          0       1024        816   startup_stm32f10x_md.o
       314          0          0          0          0       4432   stm32f10x_gpio.o
        26          0          0          0          0       3990   stm32f10x_it.o
       276         32          0         20          0       4590   stm32f10x_rcc.o
       206         42          0          0          0       2448   stm32f10x_tim.o
       490          6          0          0          0       7689   stm32f10x_usart.o
       314         18          0          1          0       2624   syn.o
         0          0          0          0          0         32   sys.o
       328         28          0         20          0       2245   system_stm32f10x.o
       826         48          0          9          0       7369   usart.o

    ----------------------------------------------------------------------
     17992       1358       3492       1672       1172     584926   Object Totals
         0          0         32          0          0          0   (incl. Generated)
        26          0          5          5          4          0   (incl. Padding)

    ----------------------------------------------------------------------

      Code (inc. data)   RO Data    RW Data    ZI Data      Debug   Library Member Name

       624         52         80          0          0        168   asin.o
       544         70        152          0          0        124   atan.o
       412         38          0          0          0        144   atan2.o
        38          6          0          0          0        272   dunder.o
        40          0          0          0          0         68   fpclassify.o
       170          0          0          0          0         96   poly.o
         0          0          8          0          0          0   qnan.o
        76          0          0          0          0         84   sqrt.o
        86          0          0          0          0          0   __dczerorl2.o
         0          0          0          0          0          0   entry.o
         0          0          0          0          0          0   entry10a.o
         0          0          0          0          0          0   entry11a.o
         4          0          0          0          0          0   entry12b.o
         8          4          0          0          0          0   entry2.o
         4          0          0          0          0          0   entry5.o
         0          0          0          0          0          0   entry7b.o
         0          0          0          0          0          0   entry8b.o
         8          4          0          0          0          0   entry9a.o
        12          6          0          4          0         68   errno.o
        30          0          0          0          0          0   handlers.o
        36          8          0          0          0         68   init.o
         0          0          0          0          0          0   iusefp.o
        98          0          0          0          0         84   ldiv.o
        30          0          0          0          0         68   llshl.o
        36          0          0          0          0         68   llsshr.o
        32          0          0          0          0         68   llushr.o
        26          0          0          0          0         80   memcmp.o
        36          0          0          0          0         68   memcpya.o
        36          0          0          0          0        108   memseta.o
      1142         54          0          0          0        352   printf8.o
        14          0          0          0          0         68   strlen.o
        36          0          0          0          0         80   strstr.o
        98          0          0          0          0         92   uldiv.o
        48          0          0          0          0         68   cdcmple.o
        20          0          0          0          0         68   cfcmple.o
        20          0          0          0          0         68   cfrcmple.o
        56          0          0          0          0         88   d2f.o
       334          0          0          0          0        148   dadd.o
       222          0          0          0          0        100   ddiv.o
       186          0          0          0          0        176   depilogue.o
        50          0          0          0          0         76   dfixui.o
        34          0          0          0          0         76   dflti.o
        26          0          0          0          0         76   dfltui.o
       228          0          0          0          0         96   dmul.o
        46          0          0          0          0         80   dscalb.o
       162          0          0          0          0        100   dsqrt.o
        38          0          0          0          0         68   f2d.o
       176          0          0          0          0        140   fadd.o
       124          0          0          0          0         88   fdiv.o
       110          0          0          0          0        168   fepilogue.o
        50          0          0          0          0         68   ffixi.o
        40          0          0          0          0         68   ffixui.o
        18          0          0          0          0         68   fflti.o
        10          0          0          0          0         68   ffltui.o
       100          0          0          0          0         76   fmul.o

    ----------------------------------------------------------------------
      5780        242        240          4          0       4260   Library Totals
         6          0          0          0          0          0   (incl. Padding)

    ----------------------------------------------------------------------

      Code (inc. data)   RO Data    RW Data    ZI Data      Debug   Library Name

      1904        166        240          0          0        956   m_ws.l
      1772         76          0          4          0       1272   mc_w.l
      2098          0          0          0          0       2032   mf_w.l

    ----------------------------------------------------------------------
      5780        242        240          4          0       4260   Library Totals

    ----------------------------------------------------------------------

==============================================================================


      Code (inc. data)   RO Data    RW Data    ZI Data      Debug   

     23772       1600       3732       1676       1172     579070   Grand Totals
     23772       1600       3732        240       1172     579070   ELF Image Totals (compressed)
     23772       1600       3732        240          0          0   ROM Totals

==============================================================================

    Total RO  Size (Code + RO Data)                27504 (  26.86kB)
    Total RW  Size (RW Data + ZI Data)              2848 (   2.78kB)
    Total ROM Size (Code + RO Data + RW Data)      27744 (  27.09kB)

==============================================================================

