<html>
<body>
<pre>
<h1>礦ision Build Log</h1>
<h2>Tool Versions:</h2>
IDE-Version: μVision V5.36.0.0
Copyright (C) 2021 ARM Ltd and ARM Germany GmbH. All rights reserved.
License Information: 1 1, 1, LIC=ZB4EI-T693M-X7QRZ-JVCMI-UBXK8-CSEFW
 
Tool Versions:
Toolchain:       MDK-ARM Plus  Version: 5.36.0.0
Toolchain Path:  D:\keil5\ARM\ARMCC\Bin
C Compiler:      Armcc.exe V5.06 update 7 (build 960)
Assembler:       Armasm.exe V5.06 update 7 (build 960)
Linker/Locator:  ArmLink.exe V5.06 update 7 (build 960)
Library Manager: ArmAr.exe V5.06 update 7 (build 960)
Hex Converter:   FromElf.exe V5.06 update 7 (build 960)
CPU DLL:         SARMCM3.DLL V5.36.0.0
Dialog DLL:      DCM.DLL V1.17.3.0
Target DLL:      STLink\ST-LINKIII-KEIL_SWO.dll V3.0.9.0
Dialog DLL:      TCM.DLL V1.53.0.0
 
<h2>Project:</h2>
E:\DD\ZDF\2.0 大头要求版\7.STM32F103C8驱动MPU6050程序(串口上传+0.96寸4脚OLED)\USER\MPU6050.uvprojx
Project File Date:  10/13/2022

<h2>Output:</h2>
*** Using Compiler 'V5.06 update 7 (build 960)', folder: 'D:\keil5\ARM\ARMCC\Bin'
Rebuild target 'MPU6050'
compiling stm32f10x_it.c...
compiling mpuiic.c...
compiling led.c...
compiling system_stm32f10x.c...
compiling mpu6050.c...
compiling main.c...
..\SYSTEM\bh1750\bh1750.h(81): warning:  #1-D: last line of file ends without a newline
  #endif
main.h(42): warning:  #1295-D: Deprecated declaration esp8266_ctrl - give arg types
  void esp8266_ctrl();
main.h(43): warning:  #1295-D: Deprecated declaration tipsub - give arg types
  void tipsub();
main.c(155): warning:  #223-D: function "ESP8266_SendCmd" declared implicitly
  		ESP8266_SendCmd(MQTTDATA3, "");//通过esp8266向MQTT发送数据
main.c(165): warning:  #223-D: function "ESP8266_SendCmd" declared implicitly
  		ESP8266_SendCmd(MQTTDATA1, "");//通过esp8266向MQTT发送数据
main.c(184): warning:  #177-D: variable "j"  was declared but never referenced
  	int j = 0;
main.c(263): warning:  #223-D: function "ESP8266_SendCmd" declared implicitly
  		ESP8266_SendCmd(MQTTDATA2, "");
main.c(265): warning:  #223-D: function "ESP8266_SendCmd" declared implicitly
  		ESP8266_SendCmd(MQTTDATA4, "");
main.c(266): warning:  #1-D: last line of file ends without a newline
  }
main.c: 9 warnings, 0 errors
compiling inv_mpu.c...
compiling delay.c...
compiling syn.c...
compiling usart.c...
..\SYSTEM\usart\usart.c(274): warning:  #550-D: variable "Res"  was set but never used
  		uint8_t Res;
..\SYSTEM\usart\usart.c: 1 warning, 0 errors
compiling esp8266.c...
compiling sys.c...
compiling bh1750.c...
..\SYSTEM\bh1750\bh1750.h(81): warning:  #1-D: last line of file ends without a newline
  #endif
..\SYSTEM\bh1750\bh1750.c(316): warning:  #1-D: last line of file ends without a newline
  }
..\SYSTEM\bh1750\bh1750.c: 2 warnings, 0 errors
assembling startup_stm32f10x_md.s...
compiling inv_mpu_dmp_motion_driver.c...
compiling core_cm3.c...
compiling mcu_config.c...
..\SYSTEM\bh1750\mcu_config.c(332): warning:  #223-D: function "delay_ms" declared implicitly
  	  delay_ms(wait_time);
..\SYSTEM\bh1750\mcu_config.c(341): warning:  #940-D: missing return statement at end of non-void function "gprs_send_cmd" 
  }
..\SYSTEM\bh1750\mcu_config.c: 2 warnings, 0 errors
compiling misc.c...
compiling stm32f10x_dbgmcu.c...
compiling stm32f10x_gpio.c...
compiling stm32f10x_usart.c...
compiling stm32f10x_rcc.c...
compiling stm32f10x_exti.c...
compiling stm32f10x_tim.c...
linking...
Program Size: Code=23772 RO-data=3732 RW-data=1676 ZI-data=1172  
FromELF: creating hex file...
"..\OBJ\MPU6050读取.axf" - 0 Error(s), 14 Warning(s).

<h2>Software Packages used:</h2>

Package Vendor: Keil
                http://www.keil.com/pack/Keil.STM32F1xx_DFP.2.3.0.pack
                Keil.STM32F1xx_DFP.2.3.0
                STMicroelectronics STM32F1 Series Device Support, Drivers and Examples

<h2>Collection of Component include folders:</h2>
  D:\keil5\Keil\STM32F1xx_DFP\2.3.0\Device\Include

<h2>Collection of Component Files used:</h2>
Build Time Elapsed:  00:00:05
</pre>
</body>
</html>
